// Jest Snapshot v1, https://goo.gl/fbAQLP

exports[`ageBucket data 1`] = `
Array [
  Object {
    "label": "<25",
    "records": Array [
      Object {
        "color": "#25636F",
        "label": "Transfer out of system",
        "pct": 0.3373015873015873,
        "value": 170,
      },
      Object {
        "color": "#D9A95F",
        "label": "Sentence completion",
        "pct": 0.0992063492063492,
        "value": 50,
      },
      Object {
        "color": "#BA4F4F",
        "label": "Parole",
        "pct": 0.19444444444444445,
        "value": 98,
      },
      Object {
        "color": "#4C6290",
        "label": "Probation",
        "pct": 0.057539682539682536,
        "value": 29,
      },
      Object {
        "color": "#90AEB5",
        "label": "Death",
        "pct": 0.3115079365079365,
        "value": 157,
      },
    ],
  },
  Object {
    "label": "25-29",
    "records": Array [
      Object {
        "color": "#25636F",
        "label": "Transfer out of system",
        "pct": 0.33542976939203356,
        "value": 160,
      },
      Object {
        "color": "#D9A95F",
        "label": "Sentence completion",
        "pct": 0.1949685534591195,
        "value": 93,
      },
      Object {
        "color": "#BA4F4F",
        "label": "Parole",
        "pct": 0.09853249475890985,
        "value": 47,
      },
      Object {
        "color": "#4C6290",
        "label": "Probation",
        "pct": 0.05870020964360587,
        "value": 28,
      },
      Object {
        "color": "#90AEB5",
        "label": "Death",
        "pct": 0.31236897274633124,
        "value": 149,
      },
    ],
  },
  Object {
    "label": "30-39",
    "records": Array [
      Object {
        "color": "#25636F",
        "label": "Transfer out of system",
        "pct": 0.08125331917153479,
        "value": 153,
      },
      Object {
        "color": "#D9A95F",
        "label": "Sentence completion",
        "pct": 0.25969198088157197,
        "value": 489,
      },
      Object {
        "color": "#BA4F4F",
        "label": "Parole",
        "pct": 0.32501327668613916,
        "value": 612,
      },
      Object {
        "color": "#4C6290",
        "label": "Probation",
        "pct": 0.1524163568773234,
        "value": 287,
      },
      Object {
        "color": "#90AEB5",
        "label": "Death",
        "pct": 0.1816250663834307,
        "value": 342,
      },
    ],
  },
  Object {
    "label": "40-49",
    "records": Array [
      Object {
        "color": "#25636F",
        "label": "Transfer out of system",
        "pct": 0.46296296296296297,
        "value": 100,
      },
      Object {
        "color": "#D9A95F",
        "label": "Sentence completion",
        "pct": 0.25925925925925924,
        "value": 56,
      },
      Object {
        "color": "#BA4F4F",
        "label": "Parole",
        "pct": 0.009259259259259259,
        "value": 2,
      },
      Object {
        "color": "#4C6290",
        "label": "Probation",
        "pct": 0.26851851851851855,
        "value": 58,
      },
      Object {
        "color": "#90AEB5",
        "label": "Death",
        "pct": 0,
        "value": 0,
      },
    ],
  },
  Object {
    "label": "50-59",
    "records": Array [
      Object {
        "color": "#25636F",
        "label": "Transfer out of system",
        "pct": 0.038910505836575876,
        "value": 10,
      },
      Object {
        "color": "#D9A95F",
        "label": "Sentence completion",
        "pct": 0.019455252918287938,
        "value": 5,
      },
      Object {
        "color": "#BA4F4F",
        "label": "Parole",
        "pct": 0.7392996108949417,
        "value": 190,
      },
      Object {
        "color": "#4C6290",
        "label": "Probation",
        "pct": 0.1245136186770428,
        "value": 32,
      },
      Object {
        "color": "#90AEB5",
        "label": "Death",
        "pct": 0.07782101167315175,
        "value": 20,
      },
    ],
  },
  Object {
    "label": "60-69",
    "records": Array [
      Object {
        "color": "#25636F",
        "label": "Transfer out of system",
        "pct": 0.125,
        "value": 6,
      },
      Object {
        "color": "#D9A95F",
        "label": "Sentence completion",
        "pct": 0,
        "value": 0,
      },
      Object {
        "color": "#BA4F4F",
        "label": "Parole",
        "pct": 0.08333333333333333,
        "value": 4,
      },
      Object {
        "color": "#4C6290",
        "label": "Probation",
        "pct": 0.6666666666666666,
        "value": 32,
      },
      Object {
        "color": "#90AEB5",
        "label": "Death",
        "pct": 0.125,
        "value": 6,
      },
    ],
  },
  Object {
    "label": "70+",
    "records": Array [
      Object {
        "color": "#25636F",
        "label": "Transfer out of system",
        "pct": 0.06422018348623854,
        "value": 7,
      },
      Object {
        "color": "#D9A95F",
        "label": "Sentence completion",
        "pct": 0.009174311926605505,
        "value": 1,
      },
      Object {
        "color": "#BA4F4F",
        "label": "Parole",
        "pct": 0.14678899082568808,
        "value": 16,
      },
      Object {
        "color": "#4C6290",
        "label": "Probation",
        "pct": 0.6788990825688074,
        "value": 74,
      },
      Object {
        "color": "#90AEB5",
        "label": "Death",
        "pct": 0.10091743119266056,
        "value": 11,
      },
    ],
  },
]
`;

exports[`gender data 1`] = `
Array [
  Object {
    "label": "Male",
    "records": Array [
      Object {
        "color": "#25636F",
        "label": "Transfer out of system",
        "pct": 0.3116474291710388,
        "value": 594,
      },
      Object {
        "color": "#D9A95F",
        "label": "Sentence completion",
        "pct": 0.09916054564533054,
        "value": 189,
      },
      Object {
        "color": "#BA4F4F",
        "label": "Parole",
        "pct": 0.33630640083945434,
        "value": 641,
      },
      Object {
        "color": "#4C6290",
        "label": "Probation",
        "pct": 0.19464847848898217,
        "value": 371,
      },
      Object {
        "color": "#90AEB5",
        "label": "Death",
        "pct": 0.05823714585519412,
        "value": 111,
      },
    ],
  },
  Object {
    "label": "Female",
    "records": Array [
      Object {
        "color": "#25636F",
        "label": "Transfer out of system",
        "pct": 0.05804416403785489,
        "value": 92,
      },
      Object {
        "color": "#D9A95F",
        "label": "Sentence completion",
        "pct": 0.31167192429022084,
        "value": 494,
      },
      Object {
        "color": "#BA4F4F",
        "label": "Parole",
        "pct": 0.3362776025236593,
        "value": 533,
      },
      Object {
        "color": "#4C6290",
        "label": "Probation",
        "pct": 0.1949526813880126,
        "value": 309,
      },
      Object {
        "color": "#90AEB5",
        "label": "Death",
        "pct": 0.09905362776025237,
        "value": 157,
      },
    ],
  },
]
`;

exports[`raceOrEthnicity data 1`] = `
Array [
  Object {
    "label": "Native American",
    "records": Array [
      Object {
        "color": "#25636F",
        "label": "Transfer out of system",
        "pct": 0.09933142311365807,
        "value": 104,
      },
      Object {
        "color": "#D9A95F",
        "label": "Sentence completion",
        "pct": 0.3361986628462273,
        "value": 352,
      },
      Object {
        "color": "#BA4F4F",
        "label": "Parole",
        "pct": 0.3113658070678128,
        "value": 326,
      },
      Object {
        "color": "#4C6290",
        "label": "Probation",
        "pct": 0.05826170009551098,
        "value": 61,
      },
      Object {
        "color": "#90AEB5",
        "label": "Death",
        "pct": 0.19484240687679083,
        "value": 204,
      },
    ],
  },
  Object {
    "label": "Black",
    "records": Array [
      Object {
        "color": "#25636F",
        "label": "Transfer out of system",
        "pct": 0.335609756097561,
        "value": 344,
      },
      Object {
        "color": "#D9A95F",
        "label": "Sentence completion",
        "pct": 0.1951219512195122,
        "value": 200,
      },
      Object {
        "color": "#BA4F4F",
        "label": "Parole",
        "pct": 0.31121951219512195,
        "value": 319,
      },
      Object {
        "color": "#4C6290",
        "label": "Probation",
        "pct": 0.05853658536585366,
        "value": 60,
      },
      Object {
        "color": "#90AEB5",
        "label": "Death",
        "pct": 0.09951219512195122,
        "value": 102,
      },
    ],
  },
  Object {
    "label": "Hispanic",
    "records": Array [
      Object {
        "color": "#25636F",
        "label": "Transfer out of system",
        "pct": 0.05913978494623656,
        "value": 22,
      },
      Object {
        "color": "#D9A95F",
        "label": "Sentence completion",
        "pct": 0.09946236559139784,
        "value": 37,
      },
      Object {
        "color": "#BA4F4F",
        "label": "Parole",
        "pct": 0.33602150537634407,
        "value": 125,
      },
      Object {
        "color": "#4C6290",
        "label": "Probation",
        "pct": 0.3118279569892473,
        "value": 116,
      },
      Object {
        "color": "#90AEB5",
        "label": "Death",
        "pct": 0.1935483870967742,
        "value": 72,
      },
    ],
  },
  Object {
    "label": "White",
    "records": Array [
      Object {
        "color": "#25636F",
        "label": "Transfer out of system",
        "pct": 0.3360927152317881,
        "value": 203,
      },
      Object {
        "color": "#D9A95F",
        "label": "Sentence completion",
        "pct": 0.31125827814569534,
        "value": 188,
      },
      Object {
        "color": "#BA4F4F",
        "label": "Parole",
        "pct": 0.057947019867549666,
        "value": 35,
      },
      Object {
        "color": "#4C6290",
        "label": "Probation",
        "pct": 0.19536423841059603,
        "value": 118,
      },
      Object {
        "color": "#90AEB5",
        "label": "Death",
        "pct": 0.09933774834437085,
        "value": 60,
      },
    ],
  },
  Object {
    "label": "Other",
    "records": Array [
      Object {
        "color": "#25636F",
        "label": "Transfer out of system",
        "pct": 0.09865470852017937,
        "value": 44,
      },
      Object {
        "color": "#D9A95F",
        "label": "Sentence completion",
        "pct": 0.3116591928251121,
        "value": 139,
      },
      Object {
        "color": "#BA4F4F",
        "label": "Parole",
        "pct": 0.19506726457399104,
        "value": 87,
      },
      Object {
        "color": "#4C6290",
        "label": "Probation",
        "pct": 0.336322869955157,
        "value": 150,
      },
      Object {
        "color": "#90AEB5",
        "label": "Death",
        "pct": 0.05829596412556054,
        "value": 26,
      },
    ],
  },
]
`;

exports[`total data 1`] = `
Array [
  Object {
    "label": "Total",
    "records": Array [
      Object {
        "color": "#25636F",
        "label": "Transfer out of system",
        "pct": 0.099112002291607,
        "value": 346,
      },
      Object {
        "color": "#D9A95F",
        "label": "Sentence completion",
        "pct": 0.05814952735605844,
        "value": 203,
      },
      Object {
        "color": "#BA4F4F",
        "label": "Parole",
        "pct": 0.194786594099112,
        "value": 680,
      },
      Object {
        "color": "#4C6290",
        "label": "Probation",
        "pct": 0.3116585505585792,
        "value": 1088,
      },
      Object {
        "color": "#90AEB5",
        "label": "Death",
        "pct": 0.3362933256946434,
        "value": 1174,
      },
    ],
  },
]
`;
