// Jest Snapshot v1, https://goo.gl/fbAQLP

exports[`demographic data series 1`] = `
Array [
  Object {
    "label": "Race or Ethnicity",
    "records": Array [
      Object {
        "color": "#25636F",
        "label": "Native American",
        "pct": 0.21291448516579406,
        "value": 244,
      },
      Object {
        "color": "#D9A95F",
        "label": "Black",
        "pct": 0.08376963350785341,
        "value": 96,
      },
      Object {
        "color": "#BA4F4F",
        "label": "Hispanic",
        "pct": 0.10732984293193717,
        "value": 123,
      },
      Object {
        "color": "#4C6290",
        "label": "White",
        "pct": 0.5855148342059336,
        "value": 671,
      },
      Object {
        "color": "#90AEB5",
        "label": "Other",
        "pct": 0.010471204188481676,
        "value": 12,
      },
    ],
  },
  Object {
    "label": "Gender",
    "records": Array [
      Object {
        "color": "#25636F",
        "label": "Male",
        "pct": 0.907967032967033,
        "value": 661,
      },
      Object {
        "color": "#D9A95F",
        "label": "Female",
        "pct": 0.09203296703296704,
        "value": 67,
      },
    ],
  },
  Object {
    "label": "Age Group",
    "records": Array [
      Object {
        "color": "#25636F",
        "label": "<25",
        "pct": 0.13619402985074627,
        "value": 146,
      },
      Object {
        "color": "#D9A95F",
        "label": "25-29",
        "pct": 0.26492537313432835,
        "value": 284,
      },
      Object {
        "color": "#BA4F4F",
        "label": "30-39",
        "pct": 0.35074626865671643,
        "value": 376,
      },
      Object {
        "color": "#4C6290",
        "label": "40-49",
        "pct": 0.04197761194029851,
        "value": 45,
      },
      Object {
        "color": "#90AEB5",
        "label": "50-59",
        "pct": 0.061567164179104475,
        "value": 66,
      },
      Object {
        "color": "#CC989C",
        "label": "60-69",
        "pct": 0.09701492537313433,
        "value": 104,
      },
      Object {
        "color": "#B6CC98",
        "label": "70+",
        "pct": 0.04757462686567164,
        "value": 51,
      },
    ],
  },
]
`;
