// Jest Snapshot v1, https://goo.gl/fbAQLP

exports[`cohorts data series all cohorts 1`] = `
Array [
  Object {
    "color": "#25636F",
    "coordinates": Array [
      Object {
        "ageBucket": "ALL",
        "followupYears": 0,
        "gender": "ALL",
        "raceOrEthnicity": "ALL",
        "rate": 0,
        "rateDenominator": 246,
        "rateNumerator": 0,
        "releaseCohort": 2009,
      },
      Object {
        "ageBucket": "ALL",
        "followupYears": 1,
        "gender": "ALL",
        "raceOrEthnicity": "ALL",
        "rate": 0.2671129653201648,
        "rateDenominator": 246,
        "rateNumerator": 65,
        "releaseCohort": 2009,
      },
      Object {
        "ageBucket": "ALL",
        "followupYears": 2,
        "gender": "ALL",
        "raceOrEthnicity": "ALL",
        "rate": 0.3730005542735947,
        "rateDenominator": 246,
        "rateNumerator": 91,
        "releaseCohort": 2009,
      },
      Object {
        "ageBucket": "ALL",
        "followupYears": 3,
        "gender": "ALL",
        "raceOrEthnicity": "ALL",
        "rate": 0.4107900827548052,
        "rateDenominator": 246,
        "rateNumerator": 101,
        "releaseCohort": 2009,
      },
      Object {
        "ageBucket": "ALL",
        "followupYears": 4,
        "gender": "ALL",
        "raceOrEthnicity": "ALL",
        "rate": 0.5082516212578517,
        "rateDenominator": 246,
        "rateNumerator": 125,
        "releaseCohort": 2009,
      },
      Object {
        "ageBucket": "ALL",
        "followupYears": 5,
        "gender": "ALL",
        "raceOrEthnicity": "ALL",
        "rate": 0.5820336892246621,
        "rateDenominator": 246,
        "rateNumerator": 143,
        "releaseCohort": 2009,
      },
      Object {
        "ageBucket": "ALL",
        "followupYears": 6,
        "gender": "ALL",
        "raceOrEthnicity": "ALL",
        "rate": 0.6562431091835565,
        "rateDenominator": 246,
        "rateNumerator": 161,
        "releaseCohort": 2009,
      },
      Object {
        "ageBucket": "ALL",
        "followupYears": 7,
        "gender": "ALL",
        "raceOrEthnicity": "ALL",
        "rate": 0.683997453413888,
        "rateDenominator": 246,
        "rateNumerator": 168,
        "releaseCohort": 2009,
      },
      Object {
        "ageBucket": "ALL",
        "followupYears": 8,
        "gender": "ALL",
        "raceOrEthnicity": "ALL",
        "rate": 0.7002456570035739,
        "rateDenominator": 246,
        "rateNumerator": 172,
        "releaseCohort": 2009,
      },
      Object {
        "ageBucket": "ALL",
        "followupYears": 9,
        "gender": "ALL",
        "raceOrEthnicity": "ALL",
        "rate": 0.7074007141339258,
        "rateDenominator": 246,
        "rateNumerator": 174,
        "releaseCohort": 2009,
      },
      Object {
        "ageBucket": "ALL",
        "followupYears": 10,
        "gender": "ALL",
        "raceOrEthnicity": "ALL",
        "rate": 0.7184850810867094,
        "rateDenominator": 246,
        "rateNumerator": 176,
        "releaseCohort": 2009,
      },
    ],
    "label": "2009",
  },
  Object {
    "color": "#D9A95F",
    "coordinates": Array [
      Object {
        "ageBucket": "ALL",
        "followupYears": 0,
        "gender": "ALL",
        "raceOrEthnicity": "ALL",
        "rate": 0,
        "rateDenominator": 425,
        "rateNumerator": 0,
        "releaseCohort": 2010,
      },
      Object {
        "ageBucket": "ALL",
        "followupYears": 1,
        "gender": "ALL",
        "raceOrEthnicity": "ALL",
        "rate": 0.2912821233107192,
        "rateDenominator": 425,
        "rateNumerator": 123,
        "releaseCohort": 2010,
      },
      Object {
        "ageBucket": "ALL",
        "followupYears": 2,
        "gender": "ALL",
        "raceOrEthnicity": "ALL",
        "rate": 0.4095956568444042,
        "rateDenominator": 425,
        "rateNumerator": 174,
        "releaseCohort": 2010,
      },
      Object {
        "ageBucket": "ALL",
        "followupYears": 3,
        "gender": "ALL",
        "raceOrEthnicity": "ALL",
        "rate": 0.49446219077597786,
        "rateDenominator": 425,
        "rateNumerator": 210,
        "releaseCohort": 2010,
      },
      Object {
        "ageBucket": "ALL",
        "followupYears": 4,
        "gender": "ALL",
        "raceOrEthnicity": "ALL",
        "rate": 0.615176510087623,
        "rateDenominator": 425,
        "rateNumerator": 261,
        "releaseCohort": 2010,
      },
      Object {
        "ageBucket": "ALL",
        "followupYears": 5,
        "gender": "ALL",
        "raceOrEthnicity": "ALL",
        "rate": 0.7135695292243797,
        "rateDenominator": 425,
        "rateNumerator": 303,
        "releaseCohort": 2010,
      },
      Object {
        "ageBucket": "ALL",
        "followupYears": 6,
        "gender": "ALL",
        "raceOrEthnicity": "ALL",
        "rate": 0.7464562763110414,
        "rateDenominator": 425,
        "rateNumerator": 317,
        "releaseCohort": 2010,
      },
      Object {
        "ageBucket": "ALL",
        "followupYears": 7,
        "gender": "ALL",
        "raceOrEthnicity": "ALL",
        "rate": 0.7672188947420757,
        "rateDenominator": 425,
        "rateNumerator": 326,
        "releaseCohort": 2010,
      },
      Object {
        "ageBucket": "ALL",
        "followupYears": 8,
        "gender": "ALL",
        "raceOrEthnicity": "ALL",
        "rate": 0.7984925863038828,
        "rateDenominator": 425,
        "rateNumerator": 339,
        "releaseCohort": 2010,
      },
      Object {
        "ageBucket": "ALL",
        "followupYears": 9,
        "gender": "ALL",
        "raceOrEthnicity": "ALL",
        "rate": 0.8153094224413512,
        "rateDenominator": 425,
        "rateNumerator": 346,
        "releaseCohort": 2010,
      },
    ],
    "label": "2010",
  },
  Object {
    "color": "#BA4F4F",
    "coordinates": Array [
      Object {
        "ageBucket": "ALL",
        "followupYears": 0,
        "gender": "ALL",
        "raceOrEthnicity": "ALL",
        "rate": 0,
        "rateDenominator": 295,
        "rateNumerator": 0,
        "releaseCohort": 2011,
      },
      Object {
        "ageBucket": "ALL",
        "followupYears": 1,
        "gender": "ALL",
        "raceOrEthnicity": "ALL",
        "rate": 0.18391333616917688,
        "rateDenominator": 295,
        "rateNumerator": 54,
        "releaseCohort": 2011,
      },
      Object {
        "ageBucket": "ALL",
        "followupYears": 2,
        "gender": "ALL",
        "raceOrEthnicity": "ALL",
        "rate": 0.2585224237258318,
        "rateDenominator": 295,
        "rateNumerator": 76,
        "releaseCohort": 2011,
      },
      Object {
        "ageBucket": "ALL",
        "followupYears": 3,
        "gender": "ALL",
        "raceOrEthnicity": "ALL",
        "rate": 0.31481811119876907,
        "rateDenominator": 295,
        "rateNumerator": 92,
        "releaseCohort": 2011,
      },
      Object {
        "ageBucket": "ALL",
        "followupYears": 4,
        "gender": "ALL",
        "raceOrEthnicity": "ALL",
        "rate": 0.3337703289211229,
        "rateDenominator": 295,
        "rateNumerator": 98,
        "releaseCohort": 2011,
      },
      Object {
        "ageBucket": "ALL",
        "followupYears": 5,
        "gender": "ALL",
        "raceOrEthnicity": "ALL",
        "rate": 0.3763214322834958,
        "rateDenominator": 295,
        "rateNumerator": 111,
        "releaseCohort": 2011,
      },
      Object {
        "ageBucket": "ALL",
        "followupYears": 6,
        "gender": "ALL",
        "raceOrEthnicity": "ALL",
        "rate": 0.3858768139162628,
        "rateDenominator": 295,
        "rateNumerator": 113,
        "releaseCohort": 2011,
      },
      Object {
        "ageBucket": "ALL",
        "followupYears": 7,
        "gender": "ALL",
        "raceOrEthnicity": "ALL",
        "rate": 0.3874537755702595,
        "rateDenominator": 295,
        "rateNumerator": 114,
        "releaseCohort": 2011,
      },
      Object {
        "ageBucket": "ALL",
        "followupYears": 8,
        "gender": "ALL",
        "raceOrEthnicity": "ALL",
        "rate": 0.39681679691460586,
        "rateDenominator": 295,
        "rateNumerator": 117,
        "releaseCohort": 2011,
      },
    ],
    "label": "2011",
  },
  Object {
    "color": "#4C6290",
    "coordinates": Array [
      Object {
        "ageBucket": "ALL",
        "followupYears": 0,
        "gender": "ALL",
        "raceOrEthnicity": "ALL",
        "rate": 0,
        "rateDenominator": 430,
        "rateNumerator": 0,
        "releaseCohort": 2012,
      },
      Object {
        "ageBucket": "ALL",
        "followupYears": 1,
        "gender": "ALL",
        "raceOrEthnicity": "ALL",
        "rate": 0.2769742511764081,
        "rateDenominator": 430,
        "rateNumerator": 119,
        "releaseCohort": 2012,
      },
      Object {
        "ageBucket": "ALL",
        "followupYears": 2,
        "gender": "ALL",
        "raceOrEthnicity": "ALL",
        "rate": 0.38738126327314104,
        "rateDenominator": 430,
        "rateNumerator": 166,
        "releaseCohort": 2012,
      },
      Object {
        "ageBucket": "ALL",
        "followupYears": 3,
        "gender": "ALL",
        "raceOrEthnicity": "ALL",
        "rate": 0.4935425189099396,
        "rateDenominator": 430,
        "rateNumerator": 212,
        "releaseCohort": 2012,
      },
      Object {
        "ageBucket": "ALL",
        "followupYears": 4,
        "gender": "ALL",
        "raceOrEthnicity": "ALL",
        "rate": 0.561990836376415,
        "rateDenominator": 430,
        "rateNumerator": 241,
        "releaseCohort": 2012,
      },
      Object {
        "ageBucket": "ALL",
        "followupYears": 5,
        "gender": "ALL",
        "raceOrEthnicity": "ALL",
        "rate": 0.614380028545024,
        "rateDenominator": 430,
        "rateNumerator": 264,
        "releaseCohort": 2012,
      },
      Object {
        "ageBucket": "ALL",
        "followupYears": 6,
        "gender": "ALL",
        "raceOrEthnicity": "ALL",
        "rate": 0.6460558106879084,
        "rateDenominator": 430,
        "rateNumerator": 277,
        "releaseCohort": 2012,
      },
      Object {
        "ageBucket": "ALL",
        "followupYears": 7,
        "gender": "ALL",
        "raceOrEthnicity": "ALL",
        "rate": 0.6796997339496279,
        "rateDenominator": 430,
        "rateNumerator": 292,
        "releaseCohort": 2012,
      },
    ],
    "label": "2012",
  },
  Object {
    "color": "#90AEB5",
    "coordinates": Array [
      Object {
        "ageBucket": "ALL",
        "followupYears": 0,
        "gender": "ALL",
        "raceOrEthnicity": "ALL",
        "rate": 0,
        "rateDenominator": 378,
        "rateNumerator": 0,
        "releaseCohort": 2013,
      },
      Object {
        "ageBucket": "ALL",
        "followupYears": 1,
        "gender": "ALL",
        "raceOrEthnicity": "ALL",
        "rate": 0.28052936378433435,
        "rateDenominator": 378,
        "rateNumerator": 106,
        "releaseCohort": 2013,
      },
      Object {
        "ageBucket": "ALL",
        "followupYears": 2,
        "gender": "ALL",
        "raceOrEthnicity": "ALL",
        "rate": 0.4026716531740538,
        "rateDenominator": 378,
        "rateNumerator": 152,
        "releaseCohort": 2013,
      },
      Object {
        "ageBucket": "ALL",
        "followupYears": 3,
        "gender": "ALL",
        "raceOrEthnicity": "ALL",
        "rate": 0.4449059374227542,
        "rateDenominator": 378,
        "rateNumerator": 168,
        "releaseCohort": 2013,
      },
      Object {
        "ageBucket": "ALL",
        "followupYears": 4,
        "gender": "ALL",
        "raceOrEthnicity": "ALL",
        "rate": 0.4547080422898501,
        "rateDenominator": 378,
        "rateNumerator": 171,
        "releaseCohort": 2013,
      },
      Object {
        "ageBucket": "ALL",
        "followupYears": 5,
        "gender": "ALL",
        "raceOrEthnicity": "ALL",
        "rate": 0.4904020500098391,
        "rateDenominator": 378,
        "rateNumerator": 185,
        "releaseCohort": 2013,
      },
      Object {
        "ageBucket": "ALL",
        "followupYears": 6,
        "gender": "ALL",
        "raceOrEthnicity": "ALL",
        "rate": 0.5184880380978778,
        "rateDenominator": 378,
        "rateNumerator": 195,
        "releaseCohort": 2013,
      },
    ],
    "label": "2013",
  },
  Object {
    "color": "#CC989C",
    "coordinates": Array [
      Object {
        "ageBucket": "ALL",
        "followupYears": 0,
        "gender": "ALL",
        "raceOrEthnicity": "ALL",
        "rate": 0,
        "rateDenominator": 317,
        "rateNumerator": 0,
        "releaseCohort": 2014,
      },
      Object {
        "ageBucket": "ALL",
        "followupYears": 1,
        "gender": "ALL",
        "raceOrEthnicity": "ALL",
        "rate": 0.2857528466750097,
        "rateDenominator": 317,
        "rateNumerator": 90,
        "releaseCohort": 2014,
      },
      Object {
        "ageBucket": "ALL",
        "followupYears": 2,
        "gender": "ALL",
        "raceOrEthnicity": "ALL",
        "rate": 0.3774360327075813,
        "rateDenominator": 317,
        "rateNumerator": 119,
        "releaseCohort": 2014,
      },
      Object {
        "ageBucket": "ALL",
        "followupYears": 3,
        "gender": "ALL",
        "raceOrEthnicity": "ALL",
        "rate": 0.40160015219138767,
        "rateDenominator": 317,
        "rateNumerator": 127,
        "releaseCohort": 2014,
      },
      Object {
        "ageBucket": "ALL",
        "followupYears": 4,
        "gender": "ALL",
        "raceOrEthnicity": "ALL",
        "rate": 0.4774501470080606,
        "rateDenominator": 317,
        "rateNumerator": 151,
        "releaseCohort": 2014,
      },
      Object {
        "ageBucket": "ALL",
        "followupYears": 5,
        "gender": "ALL",
        "raceOrEthnicity": "ALL",
        "rate": 0.5443284911269741,
        "rateDenominator": 317,
        "rateNumerator": 172,
        "releaseCohort": 2014,
      },
    ],
    "label": "2014",
  },
  Object {
    "color": "#B6CC98",
    "coordinates": Array [
      Object {
        "ageBucket": "ALL",
        "followupYears": 0,
        "gender": "ALL",
        "raceOrEthnicity": "ALL",
        "rate": 0,
        "rateDenominator": 356,
        "rateNumerator": 0,
        "releaseCohort": 2015,
      },
      Object {
        "ageBucket": "ALL",
        "followupYears": 1,
        "gender": "ALL",
        "raceOrEthnicity": "ALL",
        "rate": 0.18427167361221813,
        "rateDenominator": 356,
        "rateNumerator": 65,
        "releaseCohort": 2015,
      },
      Object {
        "ageBucket": "ALL",
        "followupYears": 2,
        "gender": "ALL",
        "raceOrEthnicity": "ALL",
        "rate": 0.24282775574340357,
        "rateDenominator": 356,
        "rateNumerator": 86,
        "releaseCohort": 2015,
      },
      Object {
        "ageBucket": "ALL",
        "followupYears": 3,
        "gender": "ALL",
        "raceOrEthnicity": "ALL",
        "rate": 0.29533022305986883,
        "rateDenominator": 356,
        "rateNumerator": 105,
        "releaseCohort": 2015,
      },
      Object {
        "ageBucket": "ALL",
        "followupYears": 4,
        "gender": "ALL",
        "raceOrEthnicity": "ALL",
        "rate": 0.32497319180271755,
        "rateDenominator": 356,
        "rateNumerator": 115,
        "releaseCohort": 2015,
      },
    ],
    "label": "2015",
  },
  Object {
    "color": "#56256F",
    "coordinates": Array [
      Object {
        "ageBucket": "ALL",
        "followupYears": 0,
        "gender": "ALL",
        "raceOrEthnicity": "ALL",
        "rate": 0,
        "rateDenominator": 324,
        "rateNumerator": 0,
        "releaseCohort": 2016,
      },
      Object {
        "ageBucket": "ALL",
        "followupYears": 1,
        "gender": "ALL",
        "raceOrEthnicity": "ALL",
        "rate": 0.21246482104252912,
        "rateDenominator": 324,
        "rateNumerator": 68,
        "releaseCohort": 2016,
      },
      Object {
        "ageBucket": "ALL",
        "followupYears": 2,
        "gender": "ALL",
        "raceOrEthnicity": "ALL",
        "rate": 0.29204982895187914,
        "rateDenominator": 324,
        "rateNumerator": 94,
        "releaseCohort": 2016,
      },
      Object {
        "ageBucket": "ALL",
        "followupYears": 3,
        "gender": "ALL",
        "raceOrEthnicity": "ALL",
        "rate": 0.38186371566239063,
        "rateDenominator": 324,
        "rateNumerator": 123,
        "releaseCohort": 2016,
      },
    ],
    "label": "2016",
  },
  Object {
    "color": "#4FBABA",
    "coordinates": Array [
      Object {
        "ageBucket": "ALL",
        "followupYears": 0,
        "gender": "ALL",
        "raceOrEthnicity": "ALL",
        "rate": 0,
        "rateDenominator": 297,
        "rateNumerator": 0,
        "releaseCohort": 2017,
      },
      Object {
        "ageBucket": "ALL",
        "followupYears": 1,
        "gender": "ALL",
        "raceOrEthnicity": "ALL",
        "rate": 0.2727192133480613,
        "rateDenominator": 297,
        "rateNumerator": 80,
        "releaseCohort": 2017,
      },
      Object {
        "ageBucket": "ALL",
        "followupYears": 2,
        "gender": "ALL",
        "raceOrEthnicity": "ALL",
        "rate": 0.4120429754656107,
        "rateDenominator": 297,
        "rateNumerator": 122,
        "releaseCohort": 2017,
      },
    ],
    "label": "2017",
  },
  Object {
    "color": "#904C84",
    "coordinates": Array [
      Object {
        "ageBucket": "ALL",
        "followupYears": 0,
        "gender": "ALL",
        "raceOrEthnicity": "ALL",
        "rate": 0,
        "rateDenominator": 392,
        "rateNumerator": 0,
        "releaseCohort": 2018,
      },
      Object {
        "ageBucket": "ALL",
        "followupYears": 1,
        "gender": "ALL",
        "raceOrEthnicity": "ALL",
        "rate": 0.2977977491286067,
        "rateDenominator": 392,
        "rateNumerator": 116,
        "releaseCohort": 2018,
      },
    ],
    "label": "2018",
  },
]
`;

exports[`cohorts data series selected cohorts 1`] = `
Array [
  Object {
    "color": "#4FBABA",
    "coordinates": Array [
      Object {
        "ageBucket": "ALL",
        "followupYears": 0,
        "gender": "ALL",
        "raceOrEthnicity": "ALL",
        "rate": 0,
        "rateDenominator": 297,
        "rateNumerator": 0,
        "releaseCohort": 2017,
      },
      Object {
        "ageBucket": "ALL",
        "followupYears": 1,
        "gender": "ALL",
        "raceOrEthnicity": "ALL",
        "rate": 0.2727192133480613,
        "rateDenominator": 297,
        "rateNumerator": 80,
        "releaseCohort": 2017,
      },
      Object {
        "ageBucket": "ALL",
        "followupYears": 2,
        "gender": "ALL",
        "raceOrEthnicity": "ALL",
        "rate": 0.4120429754656107,
        "rateDenominator": 297,
        "rateNumerator": 122,
        "releaseCohort": 2017,
      },
    ],
    "label": "2017",
  },
  Object {
    "color": "#904C84",
    "coordinates": Array [
      Object {
        "ageBucket": "ALL",
        "followupYears": 0,
        "gender": "ALL",
        "raceOrEthnicity": "ALL",
        "rate": 0,
        "rateDenominator": 392,
        "rateNumerator": 0,
        "releaseCohort": 2018,
      },
      Object {
        "ageBucket": "ALL",
        "followupYears": 1,
        "gender": "ALL",
        "raceOrEthnicity": "ALL",
        "rate": 0.2977977491286067,
        "rateDenominator": 392,
        "rateNumerator": 116,
        "releaseCohort": 2018,
      },
    ],
    "label": "2018",
  },
]
`;

exports[`cohorts data series single cohort with ageBucket views 1`] = `
Array [
  Object {
    "color": "#25636F",
    "coordinates": Array [
      Object {
        "ageBucket": "<25",
        "followupYears": 0,
        "gender": "ALL",
        "raceOrEthnicity": "ALL",
        "rate": 0,
        "rateDenominator": 55,
        "rateNumerator": 0,
        "releaseCohort": 2017,
      },
      Object {
        "ageBucket": "<25",
        "followupYears": 1,
        "gender": "ALL",
        "raceOrEthnicity": "ALL",
        "rate": 0.27193800180789485,
        "rateDenominator": 55,
        "rateNumerator": 14,
        "releaseCohort": 2017,
      },
      Object {
        "ageBucket": "<25",
        "followupYears": 2,
        "gender": "ALL",
        "raceOrEthnicity": "ALL",
        "rate": 0.4196841966126067,
        "rateDenominator": 55,
        "rateNumerator": 23,
        "releaseCohort": 2017,
      },
    ],
    "label": "<25",
  },
  Object {
    "color": "#D9A95F",
    "coordinates": Array [
      Object {
        "ageBucket": "25-29",
        "followupYears": 0,
        "gender": "ALL",
        "raceOrEthnicity": "ALL",
        "rate": 0,
        "rateDenominator": 41,
        "rateNumerator": 0,
        "releaseCohort": 2017,
      },
      Object {
        "ageBucket": "25-29",
        "followupYears": 1,
        "gender": "ALL",
        "raceOrEthnicity": "ALL",
        "rate": 0.3073338194419217,
        "rateDenominator": 41,
        "rateNumerator": 12,
        "releaseCohort": 2017,
      },
      Object {
        "ageBucket": "25-29",
        "followupYears": 2,
        "gender": "ALL",
        "raceOrEthnicity": "ALL",
        "rate": 0.3936910244068763,
        "rateDenominator": 41,
        "rateNumerator": 16,
        "releaseCohort": 2017,
      },
    ],
    "label": "25-29",
  },
  Object {
    "color": "#BA4F4F",
    "coordinates": Array [
      Object {
        "ageBucket": "30-39",
        "followupYears": 0,
        "gender": "ALL",
        "raceOrEthnicity": "ALL",
        "rate": 0,
        "rateDenominator": 26,
        "rateNumerator": 0,
        "releaseCohort": 2017,
      },
      Object {
        "ageBucket": "30-39",
        "followupYears": 1,
        "gender": "ALL",
        "raceOrEthnicity": "ALL",
        "rate": 0.13491924242998896,
        "rateDenominator": 26,
        "rateNumerator": 3,
        "releaseCohort": 2017,
      },
      Object {
        "ageBucket": "30-39",
        "followupYears": 2,
        "gender": "ALL",
        "raceOrEthnicity": "ALL",
        "rate": 0.20098957974708573,
        "rateDenominator": 26,
        "rateNumerator": 5,
        "releaseCohort": 2017,
      },
    ],
    "label": "30-39",
  },
  Object {
    "color": "#4C6290",
    "coordinates": Array [
      Object {
        "ageBucket": "40-49",
        "followupYears": 0,
        "gender": "ALL",
        "raceOrEthnicity": "ALL",
        "rate": 0,
        "rateDenominator": 51,
        "rateNumerator": 0,
        "releaseCohort": 2017,
      },
      Object {
        "ageBucket": "40-49",
        "followupYears": 1,
        "gender": "ALL",
        "raceOrEthnicity": "ALL",
        "rate": 0.16064557147935424,
        "rateDenominator": 51,
        "rateNumerator": 8,
        "releaseCohort": 2017,
      },
      Object {
        "ageBucket": "40-49",
        "followupYears": 2,
        "gender": "ALL",
        "raceOrEthnicity": "ALL",
        "rate": 0.2469530796831929,
        "rateDenominator": 51,
        "rateNumerator": 12,
        "releaseCohort": 2017,
      },
    ],
    "label": "40-49",
  },
  Object {
    "color": "#90AEB5",
    "coordinates": Array [
      Object {
        "ageBucket": "50-59",
        "followupYears": 0,
        "gender": "ALL",
        "raceOrEthnicity": "ALL",
        "rate": 0,
        "rateDenominator": 57,
        "rateNumerator": 0,
        "releaseCohort": 2017,
      },
      Object {
        "ageBucket": "50-59",
        "followupYears": 1,
        "gender": "ALL",
        "raceOrEthnicity": "ALL",
        "rate": 0.23229787549194703,
        "rateDenominator": 57,
        "rateNumerator": 13,
        "releaseCohort": 2017,
      },
      Object {
        "ageBucket": "50-59",
        "followupYears": 2,
        "gender": "ALL",
        "raceOrEthnicity": "ALL",
        "rate": 0.32951230964507644,
        "rateDenominator": 57,
        "rateNumerator": 18,
        "releaseCohort": 2017,
      },
    ],
    "label": "50-59",
  },
  Object {
    "color": "#CC989C",
    "coordinates": Array [
      Object {
        "ageBucket": "60-69",
        "followupYears": 0,
        "gender": "ALL",
        "raceOrEthnicity": "ALL",
        "rate": 0,
        "rateDenominator": 26,
        "rateNumerator": 0,
        "releaseCohort": 2017,
      },
      Object {
        "ageBucket": "60-69",
        "followupYears": 1,
        "gender": "ALL",
        "raceOrEthnicity": "ALL",
        "rate": 0.2088854731157005,
        "rateDenominator": 26,
        "rateNumerator": 5,
        "releaseCohort": 2017,
      },
      Object {
        "ageBucket": "60-69",
        "followupYears": 2,
        "gender": "ALL",
        "raceOrEthnicity": "ALL",
        "rate": 0.2836725138603388,
        "rateDenominator": 26,
        "rateNumerator": 7,
        "releaseCohort": 2017,
      },
    ],
    "label": "60-69",
  },
  Object {
    "color": "#B6CC98",
    "coordinates": Array [
      Object {
        "ageBucket": "70<",
        "followupYears": 0,
        "gender": "ALL",
        "raceOrEthnicity": "ALL",
        "rate": 0,
        "rateDenominator": 41,
        "rateNumerator": 0,
        "releaseCohort": 2017,
      },
      Object {
        "ageBucket": "70<",
        "followupYears": 1,
        "gender": "ALL",
        "raceOrEthnicity": "ALL",
        "rate": 0.2678126843366109,
        "rateDenominator": 41,
        "rateNumerator": 10,
        "releaseCohort": 2017,
      },
      Object {
        "ageBucket": "70<",
        "followupYears": 2,
        "gender": "ALL",
        "raceOrEthnicity": "ALL",
        "rate": 0.44125633318930024,
        "rateDenominator": 41,
        "rateNumerator": 18,
        "releaseCohort": 2017,
      },
    ],
    "label": "70+",
  },
]
`;

exports[`cohorts data series single cohort with gender views 1`] = `
Array [
  Object {
    "color": "#25636F",
    "coordinates": Array [
      Object {
        "ageBucket": "ALL",
        "followupYears": 0,
        "gender": "MALE",
        "raceOrEthnicity": "ALL",
        "rate": 0,
        "rateDenominator": 160,
        "rateNumerator": 0,
        "releaseCohort": 2017,
      },
      Object {
        "ageBucket": "ALL",
        "followupYears": 1,
        "gender": "MALE",
        "raceOrEthnicity": "ALL",
        "rate": 0.1976968445933983,
        "rateDenominator": 160,
        "rateNumerator": 31,
        "releaseCohort": 2017,
      },
      Object {
        "ageBucket": "ALL",
        "followupYears": 2,
        "gender": "MALE",
        "raceOrEthnicity": "ALL",
        "rate": 0.3212653736832855,
        "rateDenominator": 160,
        "rateNumerator": 51,
        "releaseCohort": 2017,
      },
    ],
    "label": "Male",
  },
  Object {
    "color": "#D9A95F",
    "coordinates": Array [
      Object {
        "ageBucket": "ALL",
        "followupYears": 0,
        "gender": "FEMALE",
        "raceOrEthnicity": "ALL",
        "rate": 0,
        "rateDenominator": 137,
        "rateNumerator": 0,
        "releaseCohort": 2017,
      },
      Object {
        "ageBucket": "ALL",
        "followupYears": 1,
        "gender": "FEMALE",
        "raceOrEthnicity": "ALL",
        "rate": 0.18026656852998618,
        "rateDenominator": 137,
        "rateNumerator": 24,
        "releaseCohort": 2017,
      },
      Object {
        "ageBucket": "ALL",
        "followupYears": 2,
        "gender": "FEMALE",
        "raceOrEthnicity": "ALL",
        "rate": 0.24163404250033613,
        "rateDenominator": 137,
        "rateNumerator": 33,
        "releaseCohort": 2017,
      },
    ],
    "label": "Female",
  },
]
`;

exports[`cohorts data series single cohort with raceOrEthnicity views 1`] = `
Array [
  Object {
    "color": "#25636F",
    "coordinates": Array [
      Object {
        "ageBucket": "ALL",
        "followupYears": 0,
        "gender": "ALL",
        "raceOrEthnicity": "AMERICAN_INDIAN_ALASKAN_NATIVE",
        "rate": 0,
        "rateDenominator": 59,
        "rateNumerator": 0,
        "releaseCohort": 2017,
      },
      Object {
        "ageBucket": "ALL",
        "followupYears": 1,
        "gender": "ALL",
        "raceOrEthnicity": "AMERICAN_INDIAN_ALASKAN_NATIVE",
        "rate": 0.2800094650633824,
        "rateDenominator": 59,
        "rateNumerator": 16,
        "releaseCohort": 2017,
      },
      Object {
        "ageBucket": "ALL",
        "followupYears": 2,
        "gender": "ALL",
        "raceOrEthnicity": "AMERICAN_INDIAN_ALASKAN_NATIVE",
        "rate": 0.38401876155365233,
        "rateDenominator": 59,
        "rateNumerator": 22,
        "releaseCohort": 2017,
      },
    ],
    "label": "Native American",
  },
  Object {
    "color": "#D9A95F",
    "coordinates": Array [
      Object {
        "ageBucket": "ALL",
        "followupYears": 0,
        "gender": "ALL",
        "raceOrEthnicity": "BLACK",
        "rate": 0,
        "rateDenominator": 38,
        "rateNumerator": 0,
        "releaseCohort": 2017,
      },
      Object {
        "ageBucket": "ALL",
        "followupYears": 1,
        "gender": "ALL",
        "raceOrEthnicity": "BLACK",
        "rate": 0.27777346625170063,
        "rateDenominator": 38,
        "rateNumerator": 10,
        "releaseCohort": 2017,
      },
      Object {
        "ageBucket": "ALL",
        "followupYears": 2,
        "gender": "ALL",
        "raceOrEthnicity": "BLACK",
        "rate": 0.39944443124427903,
        "rateDenominator": 38,
        "rateNumerator": 15,
        "releaseCohort": 2017,
      },
    ],
    "label": "Black",
  },
  Object {
    "color": "#BA4F4F",
    "coordinates": Array [
      Object {
        "ageBucket": "ALL",
        "followupYears": 0,
        "gender": "ALL",
        "raceOrEthnicity": "HISPANIC",
        "rate": 0,
        "rateDenominator": 57,
        "rateNumerator": 0,
        "releaseCohort": 2017,
      },
      Object {
        "ageBucket": "ALL",
        "followupYears": 1,
        "gender": "ALL",
        "raceOrEthnicity": "HISPANIC",
        "rate": 0.1992726120816274,
        "rateDenominator": 57,
        "rateNumerator": 11,
        "releaseCohort": 2017,
      },
      Object {
        "ageBucket": "ALL",
        "followupYears": 2,
        "gender": "ALL",
        "raceOrEthnicity": "HISPANIC",
        "rate": 0.2778592791660062,
        "rateDenominator": 57,
        "rateNumerator": 15,
        "releaseCohort": 2017,
      },
    ],
    "label": "Hispanic",
  },
  Object {
    "color": "#4C6290",
    "coordinates": Array [
      Object {
        "ageBucket": "ALL",
        "followupYears": 0,
        "gender": "ALL",
        "raceOrEthnicity": "WHITE",
        "rate": 0,
        "rateDenominator": 37,
        "rateNumerator": 0,
        "releaseCohort": 2017,
      },
      Object {
        "ageBucket": "ALL",
        "followupYears": 1,
        "gender": "ALL",
        "raceOrEthnicity": "WHITE",
        "rate": 0.22687944221918355,
        "rateDenominator": 37,
        "rateNumerator": 8,
        "releaseCohort": 2017,
      },
      Object {
        "ageBucket": "ALL",
        "followupYears": 2,
        "gender": "ALL",
        "raceOrEthnicity": "WHITE",
        "rate": 0.23485767693498236,
        "rateDenominator": 37,
        "rateNumerator": 8,
        "releaseCohort": 2017,
      },
    ],
    "label": "White",
  },
  Object {
    "color": "#90AEB5",
    "coordinates": Array [
      Object {
        "ageBucket": "ALL",
        "followupYears": 0,
        "gender": "ALL",
        "raceOrEthnicity": "OTHER",
        "rate": 0,
        "rateDenominator": 106,
        "rateNumerator": 0,
        "releaseCohort": 2017,
      },
      Object {
        "ageBucket": "ALL",
        "followupYears": 1,
        "gender": "ALL",
        "raceOrEthnicity": "OTHER",
        "rate": 0.14441644724617742,
        "rateDenominator": 106,
        "rateNumerator": 15,
        "releaseCohort": 2017,
      },
      Object {
        "ageBucket": "ALL",
        "followupYears": 2,
        "gender": "ALL",
        "raceOrEthnicity": "OTHER",
        "rate": 0.20095227467996285,
        "rateDenominator": 106,
        "rateNumerator": 21,
        "releaseCohort": 2017,
      },
    ],
    "label": "Other",
  },
]
`;

exports[`single followup period ageBucket data 1`] = `
Array [
  Object {
    "label": "<25",
    "records": Array [
      Object {
        "color": "#25636F",
        "denominator": 46,
        "label": "2009",
        "pct": 0.4110734085641251,
        "value": 18,
      },
      Object {
        "color": "#25636F",
        "denominator": 79,
        "label": "2010",
        "pct": 0.3380149962694817,
        "value": 26,
      },
      Object {
        "color": "#25636F",
        "denominator": 55,
        "label": "2011",
        "pct": 0.33027996889015887,
        "value": 18,
      },
      Object {
        "color": "#25636F",
        "denominator": 80,
        "label": "2012",
        "pct": 0.36398594485132396,
        "value": 29,
      },
      Object {
        "color": "#25636F",
        "denominator": 70,
        "label": "2013",
        "pct": 0.4610765556680595,
        "value": 32,
      },
      Object {
        "color": "#25636F",
        "denominator": 59,
        "label": "2014",
        "pct": 0.38990185187516346,
        "value": 23,
      },
      Object {
        "color": "#25636F",
        "denominator": 66,
        "label": "2015",
        "pct": 0.3444840228730961,
        "value": 22,
      },
      Object {
        "color": "#25636F",
        "denominator": 60,
        "label": "2016",
        "pct": 0.4677960032526519,
        "value": 28,
      },
    ],
  },
  Object {
    "label": "25-29",
    "records": Array [
      Object {
        "color": "#25636F",
        "denominator": 34,
        "label": "2009",
        "pct": 0.48126245016381586,
        "value": 16,
      },
      Object {
        "color": "#25636F",
        "denominator": 58,
        "label": "2010",
        "pct": 0.5001144258065705,
        "value": 29,
      },
      Object {
        "color": "#25636F",
        "denominator": 40,
        "label": "2011",
        "pct": 0.42907594366605384,
        "value": 17,
      },
      Object {
        "color": "#25636F",
        "denominator": 59,
        "label": "2012",
        "pct": 0.34597224430690543,
        "value": 20,
      },
      Object {
        "color": "#25636F",
        "denominator": 52,
        "label": "2013",
        "pct": 0.3807910099938998,
        "value": 19,
      },
      Object {
        "color": "#25636F",
        "denominator": 43,
        "label": "2014",
        "pct": 0.3812460407776482,
        "value": 16,
      },
      Object {
        "color": "#25636F",
        "denominator": 49,
        "label": "2015",
        "pct": 0.33238023304350617,
        "value": 16,
      },
      Object {
        "color": "#25636F",
        "denominator": 44,
        "label": "2016",
        "pct": 0.4005279548076044,
        "value": 17,
      },
    ],
  },
  Object {
    "label": "30-39",
    "records": Array [
      Object {
        "color": "#25636F",
        "denominator": 22,
        "label": "2009",
        "pct": 0.3680541340681613,
        "value": 8,
      },
      Object {
        "color": "#25636F",
        "denominator": 37,
        "label": "2010",
        "pct": 0.448740263187025,
        "value": 16,
      },
      Object {
        "color": "#25636F",
        "denominator": 26,
        "label": "2011",
        "pct": 0.4694919680061825,
        "value": 12,
      },
      Object {
        "color": "#25636F",
        "denominator": 38,
        "label": "2012",
        "pct": 0.41013980775148395,
        "value": 15,
      },
      Object {
        "color": "#25636F",
        "denominator": 33,
        "label": "2013",
        "pct": 0.35687646821388974,
        "value": 11,
      },
      Object {
        "color": "#25636F",
        "denominator": 28,
        "label": "2014",
        "pct": 0.47551073171777525,
        "value": 13,
      },
      Object {
        "color": "#25636F",
        "denominator": 31,
        "label": "2015",
        "pct": 0.33012310127071587,
        "value": 10,
      },
      Object {
        "color": "#25636F",
        "denominator": 29,
        "label": "2016",
        "pct": 0.3374828564777588,
        "value": 9,
      },
    ],
  },
  Object {
    "label": "40-49",
    "records": Array [
      Object {
        "color": "#25636F",
        "denominator": 42,
        "label": "2009",
        "pct": 0.2844268878282674,
        "value": 11,
      },
      Object {
        "color": "#25636F",
        "denominator": 72,
        "label": "2010",
        "pct": 0.3088530828430726,
        "value": 22,
      },
      Object {
        "color": "#25636F",
        "denominator": 50,
        "label": "2011",
        "pct": 0.5951963955412862,
        "value": 29,
      },
      Object {
        "color": "#25636F",
        "denominator": 73,
        "label": "2012",
        "pct": 0.29179377435193327,
        "value": 21,
      },
      Object {
        "color": "#25636F",
        "denominator": 64,
        "label": "2013",
        "pct": 0.5213371292333557,
        "value": 33,
      },
      Object {
        "color": "#25636F",
        "denominator": 54,
        "label": "2014",
        "pct": 0.19856661933509565,
        "value": 10,
      },
      Object {
        "color": "#25636F",
        "denominator": 61,
        "label": "2015",
        "pct": 0.2698116575030209,
        "value": 16,
      },
      Object {
        "color": "#25636F",
        "denominator": 55,
        "label": "2016",
        "pct": 0.3024807336645099,
        "value": 16,
      },
    ],
  },
  Object {
    "label": "50-59",
    "records": Array [
      Object {
        "color": "#25636F",
        "denominator": 47,
        "label": "2009",
        "pct": 0.35090330214008486,
        "value": 16,
      },
      Object {
        "color": "#25636F",
        "denominator": 81,
        "label": "2010",
        "pct": 0.3316907390305978,
        "value": 26,
      },
      Object {
        "color": "#25636F",
        "denominator": 56,
        "label": "2011",
        "pct": 0.5827222860260433,
        "value": 32,
      },
      Object {
        "color": "#25636F",
        "denominator": 82,
        "label": "2012",
        "pct": 0.419354944626236,
        "value": 34,
      },
      Object {
        "color": "#25636F",
        "denominator": 72,
        "label": "2013",
        "pct": 0.32159854043515046,
        "value": 23,
      },
      Object {
        "color": "#25636F",
        "denominator": 60,
        "label": "2014",
        "pct": 0.4374248331023904,
        "value": 26,
      },
      Object {
        "color": "#25636F",
        "denominator": 68,
        "label": "2015",
        "pct": 0.38570895548613193,
        "value": 26,
      },
      Object {
        "color": "#25636F",
        "denominator": 62,
        "label": "2016",
        "pct": 0.32144129019335155,
        "value": 19,
      },
    ],
  },
  Object {
    "label": "60-69",
    "records": Array [
      Object {
        "color": "#25636F",
        "denominator": 22,
        "label": "2009",
        "pct": 0.21486022585031417,
        "value": 4,
      },
      Object {
        "color": "#25636F",
        "denominator": 38,
        "label": "2010",
        "pct": 0.2109399338811169,
        "value": 8,
      },
      Object {
        "color": "#25636F",
        "denominator": 26,
        "label": "2011",
        "pct": 0.26471759697906266,
        "value": 6,
      },
      Object {
        "color": "#25636F",
        "denominator": 38,
        "label": "2012",
        "pct": 0.3416718547793605,
        "value": 12,
      },
      Object {
        "color": "#25636F",
        "denominator": 34,
        "label": "2013",
        "pct": 0.4135470263275445,
        "value": 14,
      },
      Object {
        "color": "#25636F",
        "denominator": 28,
        "label": "2014",
        "pct": 0.22746827827263635,
        "value": 6,
      },
      Object {
        "color": "#25636F",
        "denominator": 32,
        "label": "2015",
        "pct": 0.5263628135714041,
        "value": 16,
      },
      Object {
        "color": "#25636F",
        "denominator": 29,
        "label": "2016",
        "pct": 0.2960408480374636,
        "value": 8,
      },
    ],
  },
  Object {
    "label": "70+",
    "records": Array [
      Object {
        "color": "#25636F",
        "denominator": 34,
        "label": "2009",
        "pct": 0.3346615794071225,
        "value": 11,
      },
      Object {
        "color": "#25636F",
        "denominator": 59,
        "label": "2010",
        "pct": 0.42891608852919855,
        "value": 25,
      },
      Object {
        "color": "#25636F",
        "denominator": 41,
        "label": "2011",
        "pct": 0.2844088660882274,
        "value": 11,
      },
      Object {
        "color": "#25636F",
        "denominator": 60,
        "label": "2012",
        "pct": 0.3981536851706928,
        "value": 23,
      },
      Object {
        "color": "#25636F",
        "denominator": 53,
        "label": "2013",
        "pct": 0.31838011319444215,
        "value": 16,
      },
      Object {
        "color": "#25636F",
        "denominator": 44,
        "label": "2014",
        "pct": 0.400039087392859,
        "value": 17,
      },
      Object {
        "color": "#25636F",
        "denominator": 49,
        "label": "2015",
        "pct": 0.4475245840558488,
        "value": 21,
      },
      Object {
        "color": "#25636F",
        "denominator": 45,
        "label": "2016",
        "pct": 0.3006886852621667,
        "value": 13,
      },
    ],
  },
]
`;

exports[`single followup period gender data 1`] = `
Array [
  Object {
    "label": "Male",
    "records": Array [
      Object {
        "color": "#25636F",
        "denominator": 132,
        "label": "2009",
        "pct": 0.5057743545003754,
        "value": 66,
      },
      Object {
        "color": "#25636F",
        "denominator": 228,
        "label": "2010",
        "pct": 0.3423870341114006,
        "value": 78,
      },
      Object {
        "color": "#25636F",
        "denominator": 159,
        "label": "2011",
        "pct": 0.1816699037287255,
        "value": 28,
      },
      Object {
        "color": "#25636F",
        "denominator": 231,
        "label": "2012",
        "pct": 0.6160827203813461,
        "value": 142,
      },
      Object {
        "color": "#25636F",
        "denominator": 203,
        "label": "2013",
        "pct": 0.3895794105428104,
        "value": 79,
      },
      Object {
        "color": "#25636F",
        "denominator": 170,
        "label": "2014",
        "pct": 0.4490489732834339,
        "value": 76,
      },
      Object {
        "color": "#25636F",
        "denominator": 191,
        "label": "2015",
        "pct": 0.2933433657799328,
        "value": 56,
      },
      Object {
        "color": "#25636F",
        "denominator": 174,
        "label": "2016",
        "pct": 0.4663951381754411,
        "value": 81,
      },
    ],
  },
  Object {
    "label": "Female",
    "records": Array [
      Object {
        "color": "#25636F",
        "denominator": 114,
        "label": "2009",
        "pct": 0.5458283042404585,
        "value": 62,
      },
      Object {
        "color": "#25636F",
        "denominator": 197,
        "label": "2010",
        "pct": 0.32961224008717044,
        "value": 64,
      },
      Object {
        "color": "#25636F",
        "denominator": 136,
        "label": "2011",
        "pct": 0.5152977056332889,
        "value": 70,
      },
      Object {
        "color": "#25636F",
        "denominator": 199,
        "label": "2012",
        "pct": 0.3499235547738768,
        "value": 69,
      },
      Object {
        "color": "#25636F",
        "denominator": 175,
        "label": "2013",
        "pct": 0.3104182138555365,
        "value": 54,
      },
      Object {
        "color": "#25636F",
        "denominator": 147,
        "label": "2014",
        "pct": 0.4196161736507857,
        "value": 61,
      },
      Object {
        "color": "#25636F",
        "denominator": 165,
        "label": "2015",
        "pct": 0.49932695047273024,
        "value": 82,
      },
      Object {
        "color": "#25636F",
        "denominator": 150,
        "label": "2016",
        "pct": 0.36440866686854045,
        "value": 54,
      },
    ],
  },
]
`;

exports[`single followup period raceOrEthnicity data 1`] = `
Array [
  Object {
    "label": "Native American",
    "records": Array [
      Object {
        "color": "#25636F",
        "denominator": 49,
        "label": "2009",
        "pct": 0.25474746443199925,
        "value": 12,
      },
      Object {
        "color": "#25636F",
        "denominator": 84,
        "label": "2010",
        "pct": 0.3540652564366243,
        "value": 29,
      },
      Object {
        "color": "#25636F",
        "denominator": 58,
        "label": "2011",
        "pct": 0.30700748793864097,
        "value": 17,
      },
      Object {
        "color": "#25636F",
        "denominator": 85,
        "label": "2012",
        "pct": 0.38626482303760595,
        "value": 32,
      },
      Object {
        "color": "#25636F",
        "denominator": 75,
        "label": "2013",
        "pct": 0.20614703389429292,
        "value": 15,
      },
      Object {
        "color": "#25636F",
        "denominator": 63,
        "label": "2014",
        "pct": 0.4123791103279021,
        "value": 25,
      },
      Object {
        "color": "#25636F",
        "denominator": 70,
        "label": "2015",
        "pct": 0.35939955476561125,
        "value": 25,
      },
      Object {
        "color": "#25636F",
        "denominator": 64,
        "label": "2016",
        "pct": 0.43123893396379454,
        "value": 27,
      },
    ],
  },
  Object {
    "label": "Black",
    "records": Array [
      Object {
        "color": "#25636F",
        "denominator": 32,
        "label": "2009",
        "pct": 0.5869267618629886,
        "value": 18,
      },
      Object {
        "color": "#25636F",
        "denominator": 54,
        "label": "2010",
        "pct": 0.17733101674826693,
        "value": 9,
      },
      Object {
        "color": "#25636F",
        "denominator": 38,
        "label": "2011",
        "pct": 0.3967452951005018,
        "value": 15,
      },
      Object {
        "color": "#25636F",
        "denominator": 55,
        "label": "2012",
        "pct": 0.36240802245878706,
        "value": 19,
      },
      Object {
        "color": "#25636F",
        "denominator": 48,
        "label": "2013",
        "pct": 0.38210834175087494,
        "value": 18,
      },
      Object {
        "color": "#25636F",
        "denominator": 41,
        "label": "2014",
        "pct": 0.44127307096159374,
        "value": 18,
      },
      Object {
        "color": "#25636F",
        "denominator": 46,
        "label": "2015",
        "pct": 0.33236929545668653,
        "value": 15,
      },
      Object {
        "color": "#25636F",
        "denominator": 41,
        "label": "2016",
        "pct": 0.567141531282096,
        "value": 23,
      },
    ],
  },
  Object {
    "label": "Hispanic",
    "records": Array [
      Object {
        "color": "#25636F",
        "denominator": 48,
        "label": "2009",
        "pct": 0.41431985911180214,
        "value": 19,
      },
      Object {
        "color": "#25636F",
        "denominator": 82,
        "label": "2010",
        "pct": 0.3346882230745329,
        "value": 27,
      },
      Object {
        "color": "#25636F",
        "denominator": 57,
        "label": "2011",
        "pct": 0.4106779840062336,
        "value": 23,
      },
      Object {
        "color": "#25636F",
        "denominator": 83,
        "label": "2012",
        "pct": 0.2915929075040972,
        "value": 24,
      },
      Object {
        "color": "#25636F",
        "denominator": 73,
        "label": "2013",
        "pct": 0.25051039551440596,
        "value": 18,
      },
      Object {
        "color": "#25636F",
        "denominator": 61,
        "label": "2014",
        "pct": 0.38554666046089175,
        "value": 23,
      },
      Object {
        "color": "#25636F",
        "denominator": 69,
        "label": "2015",
        "pct": 0.35535761687154027,
        "value": 24,
      },
      Object {
        "color": "#25636F",
        "denominator": 63,
        "label": "2016",
        "pct": 0.25526986516212047,
        "value": 16,
      },
    ],
  },
  Object {
    "label": "White",
    "records": Array [
      Object {
        "color": "#25636F",
        "denominator": 31,
        "label": "2009",
        "pct": 0.41250664741379967,
        "value": 12,
      },
      Object {
        "color": "#25636F",
        "denominator": 53,
        "label": "2010",
        "pct": 0.3536646935274059,
        "value": 18,
      },
      Object {
        "color": "#25636F",
        "denominator": 37,
        "label": "2011",
        "pct": 0.4969615734768716,
        "value": 18,
      },
      Object {
        "color": "#25636F",
        "denominator": 53,
        "label": "2012",
        "pct": 0.2690121102381101,
        "value": 14,
      },
      Object {
        "color": "#25636F",
        "denominator": 47,
        "label": "2013",
        "pct": 0.42112374201355146,
        "value": 19,
      },
      Object {
        "color": "#25636F",
        "denominator": 39,
        "label": "2014",
        "pct": 0.3703411221333579,
        "value": 14,
      },
      Object {
        "color": "#25636F",
        "denominator": 44,
        "label": "2015",
        "pct": 0.34125178092110275,
        "value": 15,
      },
      Object {
        "color": "#25636F",
        "denominator": 40,
        "label": "2016",
        "pct": 0.32140706335251745,
        "value": 12,
      },
    ],
  },
  Object {
    "label": "Other",
    "records": Array [
      Object {
        "color": "#25636F",
        "denominator": 88,
        "label": "2009",
        "pct": 0.19183833313174278,
        "value": 16,
      },
      Object {
        "color": "#25636F",
        "denominator": 151,
        "label": "2010",
        "pct": 0.25637469253296724,
        "value": 38,
      },
      Object {
        "color": "#25636F",
        "denominator": 105,
        "label": "2011",
        "pct": 0.3520723274030292,
        "value": 36,
      },
      Object {
        "color": "#25636F",
        "denominator": 153,
        "label": "2012",
        "pct": 0.34489703908455993,
        "value": 52,
      },
      Object {
        "color": "#25636F",
        "denominator": 135,
        "label": "2013",
        "pct": 0.31233326056358257,
        "value": 42,
      },
      Object {
        "color": "#25636F",
        "denominator": 113,
        "label": "2014",
        "pct": 0.34754604154037694,
        "value": 39,
      },
      Object {
        "color": "#25636F",
        "denominator": 127,
        "label": "2015",
        "pct": 0.3088665920827007,
        "value": 39,
      },
      Object {
        "color": "#25636F",
        "denominator": 115,
        "label": "2016",
        "pct": 0.30290931690927825,
        "value": 34,
      },
    ],
  },
]
`;

exports[`single followup period total data 1`] = `
Array [
  Object {
    "label": "Total",
    "records": Array [
      Object {
        "color": "#25636F",
        "denominator": 246,
        "label": "2009",
        "pct": 0.4107900827548052,
        "value": 101,
      },
      Object {
        "color": "#25636F",
        "denominator": 425,
        "label": "2010",
        "pct": 0.49446219077597786,
        "value": 210,
      },
      Object {
        "color": "#25636F",
        "denominator": 295,
        "label": "2011",
        "pct": 0.31481811119876907,
        "value": 92,
      },
      Object {
        "color": "#25636F",
        "denominator": 430,
        "label": "2012",
        "pct": 0.4935425189099396,
        "value": 212,
      },
      Object {
        "color": "#25636F",
        "denominator": 378,
        "label": "2013",
        "pct": 0.4449059374227542,
        "value": 168,
      },
      Object {
        "color": "#25636F",
        "denominator": 317,
        "label": "2014",
        "pct": 0.40160015219138767,
        "value": 127,
      },
      Object {
        "color": "#25636F",
        "denominator": 356,
        "label": "2015",
        "pct": 0.29533022305986883,
        "value": 105,
      },
      Object {
        "color": "#25636F",
        "denominator": 324,
        "label": "2016",
        "pct": 0.38186371566239063,
        "value": 123,
      },
    ],
  },
]
`;
