// Jest Snapshot v1, https://goo.gl/fbAQLP

exports[`cohorts data series all cohorts 1`] = `
Array [
  Object {
    "color": "#25636F",
    "coordinates": Array [
      Object {
        "ageBucket": "ALL",
        "followupYears": 0,
        "gender": "ALL",
        "raceOrEthnicity": "ALL",
        "rate": 0,
        "rateDenominator": 441,
        "rateNumerator": 0,
        "releaseCohort": 2009,
      },
      Object {
        "ageBucket": "ALL",
        "followupYears": 1,
        "gender": "ALL",
        "raceOrEthnicity": "ALL",
        "rate": 0.15472315694153785,
        "rateDenominator": 441,
        "rateNumerator": 68,
        "releaseCohort": 2009,
      },
      Object {
        "ageBucket": "ALL",
        "followupYears": 2,
        "gender": "ALL",
        "raceOrEthnicity": "ALL",
        "rate": 0.2305518548934301,
        "rateDenominator": 441,
        "rateNumerator": 101,
        "releaseCohort": 2009,
      },
      Object {
        "ageBucket": "ALL",
        "followupYears": 3,
        "gender": "ALL",
        "raceOrEthnicity": "ALL",
        "rate": 0.27481568501675263,
        "rateDenominator": 441,
        "rateNumerator": 121,
        "releaseCohort": 2009,
      },
      Object {
        "ageBucket": "ALL",
        "followupYears": 4,
        "gender": "ALL",
        "raceOrEthnicity": "ALL",
        "rate": 0.3193792918425292,
        "rateDenominator": 441,
        "rateNumerator": 140,
        "releaseCohort": 2009,
      },
      Object {
        "ageBucket": "ALL",
        "followupYears": 5,
        "gender": "ALL",
        "raceOrEthnicity": "ALL",
        "rate": 0.34394405567044595,
        "rateDenominator": 441,
        "rateNumerator": 151,
        "releaseCohort": 2009,
      },
      Object {
        "ageBucket": "ALL",
        "followupYears": 6,
        "gender": "ALL",
        "raceOrEthnicity": "ALL",
        "rate": 0.3468225508438444,
        "rateDenominator": 441,
        "rateNumerator": 152,
        "releaseCohort": 2009,
      },
      Object {
        "ageBucket": "ALL",
        "followupYears": 7,
        "gender": "ALL",
        "raceOrEthnicity": "ALL",
        "rate": 0.3701610872936188,
        "rateDenominator": 441,
        "rateNumerator": 163,
        "releaseCohort": 2009,
      },
      Object {
        "ageBucket": "ALL",
        "followupYears": 8,
        "gender": "ALL",
        "raceOrEthnicity": "ALL",
        "rate": 0.38672108481674616,
        "rateDenominator": 441,
        "rateNumerator": 170,
        "releaseCohort": 2009,
      },
      Object {
        "ageBucket": "ALL",
        "followupYears": 9,
        "gender": "ALL",
        "raceOrEthnicity": "ALL",
        "rate": 0.39794127127067225,
        "rateDenominator": 441,
        "rateNumerator": 175,
        "releaseCohort": 2009,
      },
      Object {
        "ageBucket": "ALL",
        "followupYears": 10,
        "gender": "ALL",
        "raceOrEthnicity": "ALL",
        "rate": 0.40557169931202725,
        "rateDenominator": 441,
        "rateNumerator": 178,
        "releaseCohort": 2009,
      },
    ],
    "label": "2009",
  },
  Object {
    "color": "#D9A95F",
    "coordinates": Array [
      Object {
        "ageBucket": "ALL",
        "followupYears": 0,
        "gender": "ALL",
        "raceOrEthnicity": "ALL",
        "rate": 0,
        "rateDenominator": 444,
        "rateNumerator": 0,
        "releaseCohort": 2010,
      },
      Object {
        "ageBucket": "ALL",
        "followupYears": 1,
        "gender": "ALL",
        "raceOrEthnicity": "ALL",
        "rate": 0.32853000181042846,
        "rateDenominator": 444,
        "rateNumerator": 145,
        "releaseCohort": 2010,
      },
      Object {
        "ageBucket": "ALL",
        "followupYears": 2,
        "gender": "ALL",
        "raceOrEthnicity": "ALL",
        "rate": 0.4811765819001177,
        "rateDenominator": 444,
        "rateNumerator": 213,
        "releaseCohort": 2010,
      },
      Object {
        "ageBucket": "ALL",
        "followupYears": 3,
        "gender": "ALL",
        "raceOrEthnicity": "ALL",
        "rate": 0.5705945384276757,
        "rateDenominator": 444,
        "rateNumerator": 253,
        "releaseCohort": 2010,
      },
      Object {
        "ageBucket": "ALL",
        "followupYears": 4,
        "gender": "ALL",
        "raceOrEthnicity": "ALL",
        "rate": 0.5982325872860395,
        "rateDenominator": 444,
        "rateNumerator": 265,
        "releaseCohort": 2010,
      },
      Object {
        "ageBucket": "ALL",
        "followupYears": 5,
        "gender": "ALL",
        "raceOrEthnicity": "ALL",
        "rate": 0.666258238192844,
        "rateDenominator": 444,
        "rateNumerator": 295,
        "releaseCohort": 2010,
      },
      Object {
        "ageBucket": "ALL",
        "followupYears": 6,
        "gender": "ALL",
        "raceOrEthnicity": "ALL",
        "rate": 0.6761908955229591,
        "rateDenominator": 444,
        "rateNumerator": 300,
        "releaseCohort": 2010,
      },
      Object {
        "ageBucket": "ALL",
        "followupYears": 7,
        "gender": "ALL",
        "raceOrEthnicity": "ALL",
        "rate": 0.7082316517408129,
        "rateDenominator": 444,
        "rateNumerator": 314,
        "releaseCohort": 2010,
      },
      Object {
        "ageBucket": "ALL",
        "followupYears": 8,
        "gender": "ALL",
        "raceOrEthnicity": "ALL",
        "rate": 0.7338674573867263,
        "rateDenominator": 444,
        "rateNumerator": 325,
        "releaseCohort": 2010,
      },
      Object {
        "ageBucket": "ALL",
        "followupYears": 9,
        "gender": "ALL",
        "raceOrEthnicity": "ALL",
        "rate": 0.7438531991544154,
        "rateDenominator": 444,
        "rateNumerator": 330,
        "releaseCohort": 2010,
      },
    ],
    "label": "2010",
  },
  Object {
    "color": "#BA4F4F",
    "coordinates": Array [
      Object {
        "ageBucket": "ALL",
        "followupYears": 0,
        "gender": "ALL",
        "raceOrEthnicity": "ALL",
        "rate": 0,
        "rateDenominator": 246,
        "rateNumerator": 0,
        "releaseCohort": 2011,
      },
      Object {
        "ageBucket": "ALL",
        "followupYears": 1,
        "gender": "ALL",
        "raceOrEthnicity": "ALL",
        "rate": 0.23067628862648182,
        "rateDenominator": 246,
        "rateNumerator": 56,
        "releaseCohort": 2011,
      },
      Object {
        "ageBucket": "ALL",
        "followupYears": 2,
        "gender": "ALL",
        "raceOrEthnicity": "ALL",
        "rate": 0.33636041822294627,
        "rateDenominator": 246,
        "rateNumerator": 82,
        "releaseCohort": 2011,
      },
      Object {
        "ageBucket": "ALL",
        "followupYears": 3,
        "gender": "ALL",
        "raceOrEthnicity": "ALL",
        "rate": 0.3865270115208075,
        "rateDenominator": 246,
        "rateNumerator": 95,
        "releaseCohort": 2011,
      },
      Object {
        "ageBucket": "ALL",
        "followupYears": 4,
        "gender": "ALL",
        "raceOrEthnicity": "ALL",
        "rate": 0.4609087596578495,
        "rateDenominator": 246,
        "rateNumerator": 113,
        "releaseCohort": 2011,
      },
      Object {
        "ageBucket": "ALL",
        "followupYears": 5,
        "gender": "ALL",
        "raceOrEthnicity": "ALL",
        "rate": 0.475870096112616,
        "rateDenominator": 246,
        "rateNumerator": 117,
        "releaseCohort": 2011,
      },
      Object {
        "ageBucket": "ALL",
        "followupYears": 6,
        "gender": "ALL",
        "raceOrEthnicity": "ALL",
        "rate": 0.5081203766331148,
        "rateDenominator": 246,
        "rateNumerator": 124,
        "releaseCohort": 2011,
      },
      Object {
        "ageBucket": "ALL",
        "followupYears": 7,
        "gender": "ALL",
        "raceOrEthnicity": "ALL",
        "rate": 0.5234902915707466,
        "rateDenominator": 246,
        "rateNumerator": 128,
        "releaseCohort": 2011,
      },
      Object {
        "ageBucket": "ALL",
        "followupYears": 8,
        "gender": "ALL",
        "raceOrEthnicity": "ALL",
        "rate": 0.5430831027815324,
        "rateDenominator": 246,
        "rateNumerator": 133,
        "releaseCohort": 2011,
      },
    ],
    "label": "2011",
  },
  Object {
    "color": "#4C6290",
    "coordinates": Array [
      Object {
        "ageBucket": "ALL",
        "followupYears": 0,
        "gender": "ALL",
        "raceOrEthnicity": "ALL",
        "rate": 0,
        "rateDenominator": 283,
        "rateNumerator": 0,
        "releaseCohort": 2012,
      },
      Object {
        "ageBucket": "ALL",
        "followupYears": 1,
        "gender": "ALL",
        "raceOrEthnicity": "ALL",
        "rate": 0.21745120886702662,
        "rateDenominator": 283,
        "rateNumerator": 61,
        "releaseCohort": 2012,
      },
      Object {
        "ageBucket": "ALL",
        "followupYears": 2,
        "gender": "ALL",
        "raceOrEthnicity": "ALL",
        "rate": 0.31410143263268187,
        "rateDenominator": 283,
        "rateNumerator": 88,
        "releaseCohort": 2012,
      },
      Object {
        "ageBucket": "ALL",
        "followupYears": 3,
        "gender": "ALL",
        "raceOrEthnicity": "ALL",
        "rate": 0.38288543842088013,
        "rateDenominator": 283,
        "rateNumerator": 108,
        "releaseCohort": 2012,
      },
      Object {
        "ageBucket": "ALL",
        "followupYears": 4,
        "gender": "ALL",
        "raceOrEthnicity": "ALL",
        "rate": 0.4261987401506558,
        "rateDenominator": 283,
        "rateNumerator": 120,
        "releaseCohort": 2012,
      },
      Object {
        "ageBucket": "ALL",
        "followupYears": 5,
        "gender": "ALL",
        "raceOrEthnicity": "ALL",
        "rate": 0.4689506965509697,
        "rateDenominator": 283,
        "rateNumerator": 132,
        "releaseCohort": 2012,
      },
      Object {
        "ageBucket": "ALL",
        "followupYears": 6,
        "gender": "ALL",
        "raceOrEthnicity": "ALL",
        "rate": 0.51971248789426,
        "rateDenominator": 283,
        "rateNumerator": 147,
        "releaseCohort": 2012,
      },
      Object {
        "ageBucket": "ALL",
        "followupYears": 7,
        "gender": "ALL",
        "raceOrEthnicity": "ALL",
        "rate": 0.5463439792721764,
        "rateDenominator": 283,
        "rateNumerator": 154,
        "releaseCohort": 2012,
      },
    ],
    "label": "2012",
  },
  Object {
    "color": "#90AEB5",
    "coordinates": Array [
      Object {
        "ageBucket": "ALL",
        "followupYears": 0,
        "gender": "ALL",
        "raceOrEthnicity": "ALL",
        "rate": 0,
        "rateDenominator": 294,
        "rateNumerator": 0,
        "releaseCohort": 2013,
      },
      Object {
        "ageBucket": "ALL",
        "followupYears": 1,
        "gender": "ALL",
        "raceOrEthnicity": "ALL",
        "rate": 0.27577650321290686,
        "rateDenominator": 294,
        "rateNumerator": 81,
        "releaseCohort": 2013,
      },
      Object {
        "ageBucket": "ALL",
        "followupYears": 2,
        "gender": "ALL",
        "raceOrEthnicity": "ALL",
        "rate": 0.3192384874828808,
        "rateDenominator": 294,
        "rateNumerator": 93,
        "releaseCohort": 2013,
      },
      Object {
        "ageBucket": "ALL",
        "followupYears": 3,
        "gender": "ALL",
        "raceOrEthnicity": "ALL",
        "rate": 0.3966145512517424,
        "rateDenominator": 294,
        "rateNumerator": 116,
        "releaseCohort": 2013,
      },
      Object {
        "ageBucket": "ALL",
        "followupYears": 4,
        "gender": "ALL",
        "raceOrEthnicity": "ALL",
        "rate": 0.4642008589394314,
        "rateDenominator": 294,
        "rateNumerator": 136,
        "releaseCohort": 2013,
      },
      Object {
        "ageBucket": "ALL",
        "followupYears": 5,
        "gender": "ALL",
        "raceOrEthnicity": "ALL",
        "rate": 0.519319795206675,
        "rateDenominator": 294,
        "rateNumerator": 152,
        "releaseCohort": 2013,
      },
      Object {
        "ageBucket": "ALL",
        "followupYears": 6,
        "gender": "ALL",
        "raceOrEthnicity": "ALL",
        "rate": 0.5532594782441403,
        "rateDenominator": 294,
        "rateNumerator": 162,
        "releaseCohort": 2013,
      },
    ],
    "label": "2013",
  },
  Object {
    "color": "#CC989C",
    "coordinates": Array [
      Object {
        "ageBucket": "ALL",
        "followupYears": 0,
        "gender": "ALL",
        "raceOrEthnicity": "ALL",
        "rate": 0,
        "rateDenominator": 353,
        "rateNumerator": 0,
        "releaseCohort": 2014,
      },
      Object {
        "ageBucket": "ALL",
        "followupYears": 1,
        "gender": "ALL",
        "raceOrEthnicity": "ALL",
        "rate": 0.25609406210130736,
        "rateDenominator": 353,
        "rateNumerator": 90,
        "releaseCohort": 2014,
      },
      Object {
        "ageBucket": "ALL",
        "followupYears": 2,
        "gender": "ALL",
        "raceOrEthnicity": "ALL",
        "rate": 0.3245749312012245,
        "rateDenominator": 353,
        "rateNumerator": 114,
        "releaseCohort": 2014,
      },
      Object {
        "ageBucket": "ALL",
        "followupYears": 3,
        "gender": "ALL",
        "raceOrEthnicity": "ALL",
        "rate": 0.3704884876536363,
        "rateDenominator": 353,
        "rateNumerator": 130,
        "releaseCohort": 2014,
      },
      Object {
        "ageBucket": "ALL",
        "followupYears": 4,
        "gender": "ALL",
        "raceOrEthnicity": "ALL",
        "rate": 0.4361061547980128,
        "rateDenominator": 353,
        "rateNumerator": 153,
        "releaseCohort": 2014,
      },
      Object {
        "ageBucket": "ALL",
        "followupYears": 5,
        "gender": "ALL",
        "raceOrEthnicity": "ALL",
        "rate": 0.4876677382834119,
        "rateDenominator": 353,
        "rateNumerator": 172,
        "releaseCohort": 2014,
      },
    ],
    "label": "2014",
  },
  Object {
    "color": "#B6CC98",
    "coordinates": Array [
      Object {
        "ageBucket": "ALL",
        "followupYears": 0,
        "gender": "ALL",
        "raceOrEthnicity": "ALL",
        "rate": 0,
        "rateDenominator": 277,
        "rateNumerator": 0,
        "releaseCohort": 2015,
      },
      Object {
        "ageBucket": "ALL",
        "followupYears": 1,
        "gender": "ALL",
        "raceOrEthnicity": "ALL",
        "rate": 0.18591688919978389,
        "rateDenominator": 277,
        "rateNumerator": 51,
        "releaseCohort": 2015,
      },
      Object {
        "ageBucket": "ALL",
        "followupYears": 2,
        "gender": "ALL",
        "raceOrEthnicity": "ALL",
        "rate": 0.2713364319344973,
        "rateDenominator": 277,
        "rateNumerator": 75,
        "releaseCohort": 2015,
      },
      Object {
        "ageBucket": "ALL",
        "followupYears": 3,
        "gender": "ALL",
        "raceOrEthnicity": "ALL",
        "rate": 0.30393467040023203,
        "rateDenominator": 277,
        "rateNumerator": 84,
        "releaseCohort": 2015,
      },
      Object {
        "ageBucket": "ALL",
        "followupYears": 4,
        "gender": "ALL",
        "raceOrEthnicity": "ALL",
        "rate": 0.343162119157779,
        "rateDenominator": 277,
        "rateNumerator": 95,
        "releaseCohort": 2015,
      },
    ],
    "label": "2015",
  },
  Object {
    "color": "#56256F",
    "coordinates": Array [
      Object {
        "ageBucket": "ALL",
        "followupYears": 0,
        "gender": "ALL",
        "raceOrEthnicity": "ALL",
        "rate": 0,
        "rateDenominator": 449,
        "rateNumerator": 0,
        "releaseCohort": 2016,
      },
      Object {
        "ageBucket": "ALL",
        "followupYears": 1,
        "gender": "ALL",
        "raceOrEthnicity": "ALL",
        "rate": 0.12018058712525873,
        "rateDenominator": 449,
        "rateNumerator": 53,
        "releaseCohort": 2016,
      },
      Object {
        "ageBucket": "ALL",
        "followupYears": 2,
        "gender": "ALL",
        "raceOrEthnicity": "ALL",
        "rate": 0.16885464931952435,
        "rateDenominator": 449,
        "rateNumerator": 75,
        "releaseCohort": 2016,
      },
      Object {
        "ageBucket": "ALL",
        "followupYears": 3,
        "gender": "ALL",
        "raceOrEthnicity": "ALL",
        "rate": 0.20221756415560455,
        "rateDenominator": 449,
        "rateNumerator": 90,
        "releaseCohort": 2016,
      },
    ],
    "label": "2016",
  },
  Object {
    "color": "#4FBABA",
    "coordinates": Array [
      Object {
        "ageBucket": "ALL",
        "followupYears": 0,
        "gender": "ALL",
        "raceOrEthnicity": "ALL",
        "rate": 0,
        "rateDenominator": 420,
        "rateNumerator": 0,
        "releaseCohort": 2017,
      },
      Object {
        "ageBucket": "ALL",
        "followupYears": 1,
        "gender": "ALL",
        "raceOrEthnicity": "ALL",
        "rate": 0.23201745045523087,
        "rateDenominator": 420,
        "rateNumerator": 97,
        "releaseCohort": 2017,
      },
      Object {
        "ageBucket": "ALL",
        "followupYears": 2,
        "gender": "ALL",
        "raceOrEthnicity": "ALL",
        "rate": 0.3368747785220438,
        "rateDenominator": 420,
        "rateNumerator": 141,
        "releaseCohort": 2017,
      },
    ],
    "label": "2017",
  },
  Object {
    "color": "#904C84",
    "coordinates": Array [
      Object {
        "ageBucket": "ALL",
        "followupYears": 0,
        "gender": "ALL",
        "raceOrEthnicity": "ALL",
        "rate": 0,
        "rateDenominator": 373,
        "rateNumerator": 0,
        "releaseCohort": 2018,
      },
      Object {
        "ageBucket": "ALL",
        "followupYears": 1,
        "gender": "ALL",
        "raceOrEthnicity": "ALL",
        "rate": 0.24568881676118148,
        "rateDenominator": 373,
        "rateNumerator": 91,
        "releaseCohort": 2018,
      },
    ],
    "label": "2018",
  },
]
`;

exports[`cohorts data series selected cohorts 1`] = `
Array [
  Object {
    "color": "#4FBABA",
    "coordinates": Array [
      Object {
        "ageBucket": "ALL",
        "followupYears": 0,
        "gender": "ALL",
        "raceOrEthnicity": "ALL",
        "rate": 0,
        "rateDenominator": 420,
        "rateNumerator": 0,
        "releaseCohort": 2017,
      },
      Object {
        "ageBucket": "ALL",
        "followupYears": 1,
        "gender": "ALL",
        "raceOrEthnicity": "ALL",
        "rate": 0.23201745045523087,
        "rateDenominator": 420,
        "rateNumerator": 97,
        "releaseCohort": 2017,
      },
      Object {
        "ageBucket": "ALL",
        "followupYears": 2,
        "gender": "ALL",
        "raceOrEthnicity": "ALL",
        "rate": 0.3368747785220438,
        "rateDenominator": 420,
        "rateNumerator": 141,
        "releaseCohort": 2017,
      },
    ],
    "label": "2017",
  },
  Object {
    "color": "#904C84",
    "coordinates": Array [
      Object {
        "ageBucket": "ALL",
        "followupYears": 0,
        "gender": "ALL",
        "raceOrEthnicity": "ALL",
        "rate": 0,
        "rateDenominator": 373,
        "rateNumerator": 0,
        "releaseCohort": 2018,
      },
      Object {
        "ageBucket": "ALL",
        "followupYears": 1,
        "gender": "ALL",
        "raceOrEthnicity": "ALL",
        "rate": 0.24568881676118148,
        "rateDenominator": 373,
        "rateNumerator": 91,
        "releaseCohort": 2018,
      },
    ],
    "label": "2018",
  },
]
`;

exports[`cohorts data series single cohort with ageBucket views 1`] = `
Array [
  Object {
    "color": "#25636F",
    "coordinates": Array [
      Object {
        "ageBucket": "<25",
        "followupYears": 0,
        "gender": "ALL",
        "raceOrEthnicity": "ALL",
        "rate": 0,
        "rateDenominator": 110,
        "rateNumerator": 0,
        "releaseCohort": 2017,
      },
      Object {
        "ageBucket": "<25",
        "followupYears": 1,
        "gender": "ALL",
        "raceOrEthnicity": "ALL",
        "rate": 0.3048399084115511,
        "rateDenominator": 110,
        "rateNumerator": 33,
        "releaseCohort": 2017,
      },
      Object {
        "ageBucket": "<25",
        "followupYears": 2,
        "gender": "ALL",
        "raceOrEthnicity": "ALL",
        "rate": 0.3839409800769034,
        "rateDenominator": 110,
        "rateNumerator": 42,
        "releaseCohort": 2017,
      },
    ],
    "label": "<25",
  },
  Object {
    "color": "#D9A95F",
    "coordinates": Array [
      Object {
        "ageBucket": "25-29",
        "followupYears": 0,
        "gender": "ALL",
        "raceOrEthnicity": "ALL",
        "rate": 0,
        "rateDenominator": 91,
        "rateNumerator": 0,
        "releaseCohort": 2017,
      },
      Object {
        "ageBucket": "25-29",
        "followupYears": 1,
        "gender": "ALL",
        "raceOrEthnicity": "ALL",
        "rate": 0.15344533431757498,
        "rateDenominator": 91,
        "rateNumerator": 13,
        "releaseCohort": 2017,
      },
      Object {
        "ageBucket": "25-29",
        "followupYears": 2,
        "gender": "ALL",
        "raceOrEthnicity": "ALL",
        "rate": 0.20435983520469908,
        "rateDenominator": 91,
        "rateNumerator": 18,
        "releaseCohort": 2017,
      },
    ],
    "label": "25-29",
  },
  Object {
    "color": "#BA4F4F",
    "coordinates": Array [
      Object {
        "ageBucket": "30-34",
        "followupYears": 0,
        "gender": "ALL",
        "raceOrEthnicity": "ALL",
        "rate": 0,
        "rateDenominator": 111,
        "rateNumerator": 0,
        "releaseCohort": 2017,
      },
      Object {
        "ageBucket": "30-34",
        "followupYears": 1,
        "gender": "ALL",
        "raceOrEthnicity": "ALL",
        "rate": 0.26239036698643864,
        "rateDenominator": 111,
        "rateNumerator": 29,
        "releaseCohort": 2017,
      },
      Object {
        "ageBucket": "30-34",
        "followupYears": 2,
        "gender": "ALL",
        "raceOrEthnicity": "ALL",
        "rate": 0.3670998032729656,
        "rateDenominator": 111,
        "rateNumerator": 40,
        "releaseCohort": 2017,
      },
    ],
    "label": "30-34",
  },
  Object {
    "color": "#4C6290",
    "coordinates": Array [
      Object {
        "ageBucket": "35-39",
        "followupYears": 0,
        "gender": "ALL",
        "raceOrEthnicity": "ALL",
        "rate": 0,
        "rateDenominator": 82,
        "rateNumerator": 0,
        "releaseCohort": 2017,
      },
      Object {
        "ageBucket": "35-39",
        "followupYears": 1,
        "gender": "ALL",
        "raceOrEthnicity": "ALL",
        "rate": 0.33001406636365155,
        "rateDenominator": 82,
        "rateNumerator": 27,
        "releaseCohort": 2017,
      },
      Object {
        "ageBucket": "35-39",
        "followupYears": 2,
        "gender": "ALL",
        "raceOrEthnicity": "ALL",
        "rate": 0.40164916387916744,
        "rateDenominator": 82,
        "rateNumerator": 32,
        "releaseCohort": 2017,
      },
    ],
    "label": "35-39",
  },
  Object {
    "color": "#90AEB5",
    "coordinates": Array [
      Object {
        "ageBucket": "40<",
        "followupYears": 0,
        "gender": "ALL",
        "raceOrEthnicity": "ALL",
        "rate": 0,
        "rateDenominator": 25,
        "rateNumerator": 0,
        "releaseCohort": 2017,
      },
      Object {
        "ageBucket": "40<",
        "followupYears": 1,
        "gender": "ALL",
        "raceOrEthnicity": "ALL",
        "rate": 0.3192560274632189,
        "rateDenominator": 25,
        "rateNumerator": 7,
        "releaseCohort": 2017,
      },
      Object {
        "ageBucket": "40<",
        "followupYears": 2,
        "gender": "ALL",
        "raceOrEthnicity": "ALL",
        "rate": 0.44266700865747005,
        "rateDenominator": 25,
        "rateNumerator": 11,
        "releaseCohort": 2017,
      },
    ],
    "label": "40<",
  },
]
`;

exports[`cohorts data series single cohort with gender views 1`] = `
Array [
  Object {
    "color": "#25636F",
    "coordinates": Array [
      Object {
        "ageBucket": "ALL",
        "followupYears": 0,
        "gender": "MALE",
        "raceOrEthnicity": "ALL",
        "rate": 0,
        "rateDenominator": 267,
        "rateNumerator": 0,
        "releaseCohort": 2017,
      },
      Object {
        "ageBucket": "ALL",
        "followupYears": 1,
        "gender": "MALE",
        "raceOrEthnicity": "ALL",
        "rate": 0.27761953099188136,
        "rateDenominator": 267,
        "rateNumerator": 74,
        "releaseCohort": 2017,
      },
      Object {
        "ageBucket": "ALL",
        "followupYears": 2,
        "gender": "MALE",
        "raceOrEthnicity": "ALL",
        "rate": 0.3946022474835968,
        "rateDenominator": 267,
        "rateNumerator": 105,
        "releaseCohort": 2017,
      },
    ],
    "label": "Male",
  },
  Object {
    "color": "#D9A95F",
    "coordinates": Array [
      Object {
        "ageBucket": "ALL",
        "followupYears": 0,
        "gender": "FEMALE",
        "raceOrEthnicity": "ALL",
        "rate": 0,
        "rateDenominator": 153,
        "rateNumerator": 0,
        "releaseCohort": 2017,
      },
      Object {
        "ageBucket": "ALL",
        "followupYears": 1,
        "gender": "FEMALE",
        "raceOrEthnicity": "ALL",
        "rate": 0.19440650315284774,
        "rateDenominator": 153,
        "rateNumerator": 29,
        "releaseCohort": 2017,
      },
      Object {
        "ageBucket": "ALL",
        "followupYears": 2,
        "gender": "FEMALE",
        "raceOrEthnicity": "ALL",
        "rate": 0.25942847307047256,
        "rateDenominator": 153,
        "rateNumerator": 39,
        "releaseCohort": 2017,
      },
    ],
    "label": "Female",
  },
]
`;

exports[`cohorts data series single cohort with raceOrEthnicity views 1`] = `
Array [
  Object {
    "color": "#25636F",
    "coordinates": Array [
      Object {
        "ageBucket": "ALL",
        "followupYears": 0,
        "gender": "ALL",
        "raceOrEthnicity": "AMERICAN_INDIAN_ALASKAN_NATIVE",
        "rate": 0,
        "rateDenominator": 140,
        "rateNumerator": 0,
        "releaseCohort": 2017,
      },
      Object {
        "ageBucket": "ALL",
        "followupYears": 1,
        "gender": "ALL",
        "raceOrEthnicity": "AMERICAN_INDIAN_ALASKAN_NATIVE",
        "rate": 0.28311542810144474,
        "rateDenominator": 140,
        "rateNumerator": 39,
        "releaseCohort": 2017,
      },
      Object {
        "ageBucket": "ALL",
        "followupYears": 2,
        "gender": "ALL",
        "raceOrEthnicity": "AMERICAN_INDIAN_ALASKAN_NATIVE",
        "rate": 0.42213842642226784,
        "rateDenominator": 140,
        "rateNumerator": 59,
        "releaseCohort": 2017,
      },
    ],
    "label": "Native American",
  },
  Object {
    "color": "#D9A95F",
    "coordinates": Array [
      Object {
        "ageBucket": "ALL",
        "followupYears": 0,
        "gender": "ALL",
        "raceOrEthnicity": "BLACK",
        "rate": 0,
        "rateDenominator": 36,
        "rateNumerator": 0,
        "releaseCohort": 2017,
      },
      Object {
        "ageBucket": "ALL",
        "followupYears": 1,
        "gender": "ALL",
        "raceOrEthnicity": "BLACK",
        "rate": 0.2159373064170029,
        "rateDenominator": 36,
        "rateNumerator": 7,
        "releaseCohort": 2017,
      },
      Object {
        "ageBucket": "ALL",
        "followupYears": 2,
        "gender": "ALL",
        "raceOrEthnicity": "BLACK",
        "rate": 0.2826362224488827,
        "rateDenominator": 36,
        "rateNumerator": 10,
        "releaseCohort": 2017,
      },
    ],
    "label": "Black",
  },
  Object {
    "color": "#BA4F4F",
    "coordinates": Array [
      Object {
        "ageBucket": "ALL",
        "followupYears": 0,
        "gender": "ALL",
        "raceOrEthnicity": "HISPANIC",
        "rate": 0,
        "rateDenominator": 95,
        "rateNumerator": 0,
        "releaseCohort": 2017,
      },
      Object {
        "ageBucket": "ALL",
        "followupYears": 1,
        "gender": "ALL",
        "raceOrEthnicity": "HISPANIC",
        "rate": 0.2750362211462777,
        "rateDenominator": 95,
        "rateNumerator": 26,
        "releaseCohort": 2017,
      },
      Object {
        "ageBucket": "ALL",
        "followupYears": 2,
        "gender": "ALL",
        "raceOrEthnicity": "HISPANIC",
        "rate": 0.3243528109389516,
        "rateDenominator": 95,
        "rateNumerator": 30,
        "releaseCohort": 2017,
      },
    ],
    "label": "Hispanic",
  },
  Object {
    "color": "#4C6290",
    "coordinates": Array [
      Object {
        "ageBucket": "ALL",
        "followupYears": 0,
        "gender": "ALL",
        "raceOrEthnicity": "WHITE",
        "rate": 0,
        "rateDenominator": 34,
        "rateNumerator": 0,
        "releaseCohort": 2017,
      },
      Object {
        "ageBucket": "ALL",
        "followupYears": 1,
        "gender": "ALL",
        "raceOrEthnicity": "WHITE",
        "rate": 0.28183241952450866,
        "rateDenominator": 34,
        "rateNumerator": 9,
        "releaseCohort": 2017,
      },
      Object {
        "ageBucket": "ALL",
        "followupYears": 2,
        "gender": "ALL",
        "raceOrEthnicity": "WHITE",
        "rate": 0.37725889822380276,
        "rateDenominator": 34,
        "rateNumerator": 12,
        "releaseCohort": 2017,
      },
    ],
    "label": "White",
  },
  Object {
    "color": "#90AEB5",
    "coordinates": Array [
      Object {
        "ageBucket": "ALL",
        "followupYears": 0,
        "gender": "ALL",
        "raceOrEthnicity": "OTHER",
        "rate": 0,
        "rateDenominator": 115,
        "rateNumerator": 0,
        "releaseCohort": 2017,
      },
      Object {
        "ageBucket": "ALL",
        "followupYears": 1,
        "gender": "ALL",
        "raceOrEthnicity": "OTHER",
        "rate": 0.31364211951029053,
        "rateDenominator": 115,
        "rateNumerator": 36,
        "releaseCohort": 2017,
      },
      Object {
        "ageBucket": "ALL",
        "followupYears": 2,
        "gender": "ALL",
        "raceOrEthnicity": "OTHER",
        "rate": 0.48332839350464885,
        "rateDenominator": 115,
        "rateNumerator": 55,
        "releaseCohort": 2017,
      },
    ],
    "label": "Other",
  },
]
`;

exports[`single followup period ageBucket data 1`] = `
Array [
  Object {
    "label": "<25",
    "records": Array [
      Object {
        "color": "#25636F",
        "denominator": 116,
        "label": "2009",
        "pct": 0.39313878244128553,
        "value": 45,
      },
      Object {
        "color": "#25636F",
        "denominator": 117,
        "label": "2010",
        "pct": 0.35398806455471876,
        "value": 41,
      },
      Object {
        "color": "#25636F",
        "denominator": 65,
        "label": "2011",
        "pct": 0.5001636886397268,
        "value": 32,
      },
      Object {
        "color": "#25636F",
        "denominator": 74,
        "label": "2012",
        "pct": 0.3665902040105169,
        "value": 27,
      },
      Object {
        "color": "#25636F",
        "denominator": 77,
        "label": "2013",
        "pct": 0.27464620972057485,
        "value": 21,
      },
      Object {
        "color": "#25636F",
        "denominator": 93,
        "label": "2014",
        "pct": 0.5047399015877124,
        "value": 46,
      },
      Object {
        "color": "#25636F",
        "denominator": 73,
        "label": "2015",
        "pct": 0.4848114314171283,
        "value": 35,
      },
      Object {
        "color": "#25636F",
        "denominator": 118,
        "label": "2016",
        "pct": 0.44484105840224253,
        "value": 52,
      },
    ],
  },
  Object {
    "label": "25-29",
    "records": Array [
      Object {
        "color": "#25636F",
        "denominator": 96,
        "label": "2009",
        "pct": 0.36382424006480313,
        "value": 34,
      },
      Object {
        "color": "#25636F",
        "denominator": 96,
        "label": "2010",
        "pct": 0.4530695537042013,
        "value": 43,
      },
      Object {
        "color": "#25636F",
        "denominator": 53,
        "label": "2011",
        "pct": 0.21644253915033027,
        "value": 11,
      },
      Object {
        "color": "#25636F",
        "denominator": 61,
        "label": "2012",
        "pct": 0.26050703801768876,
        "value": 15,
      },
      Object {
        "color": "#25636F",
        "denominator": 64,
        "label": "2013",
        "pct": 0.34958843720246047,
        "value": 22,
      },
      Object {
        "color": "#25636F",
        "denominator": 76,
        "label": "2014",
        "pct": 0.29669433849450566,
        "value": 22,
      },
      Object {
        "color": "#25636F",
        "denominator": 60,
        "label": "2015",
        "pct": 0.27174598364307445,
        "value": 16,
      },
      Object {
        "color": "#25636F",
        "denominator": 97,
        "label": "2016",
        "pct": 0.23654226546764148,
        "value": 22,
      },
    ],
  },
  Object {
    "label": "30-34",
    "records": Array [
      Object {
        "color": "#25636F",
        "denominator": 117,
        "label": "2009",
        "pct": 0.34592942626462897,
        "value": 40,
      },
      Object {
        "color": "#25636F",
        "denominator": 118,
        "label": "2010",
        "pct": 0.3533961654965064,
        "value": 41,
      },
      Object {
        "color": "#25636F",
        "denominator": 65,
        "label": "2011",
        "pct": 0.3381762354345907,
        "value": 21,
      },
      Object {
        "color": "#25636F",
        "denominator": 75,
        "label": "2012",
        "pct": 0.2997419121789921,
        "value": 22,
      },
      Object {
        "color": "#25636F",
        "denominator": 78,
        "label": "2013",
        "pct": 0.5020914839800488,
        "value": 39,
      },
      Object {
        "color": "#25636F",
        "denominator": 94,
        "label": "2014",
        "pct": 0.43980239410058247,
        "value": 41,
      },
      Object {
        "color": "#25636F",
        "denominator": 74,
        "label": "2015",
        "pct": 0.29413055653070513,
        "value": 21,
      },
      Object {
        "color": "#25636F",
        "denominator": 119,
        "label": "2016",
        "pct": 0.26091572422805687,
        "value": 31,
      },
    ],
  },
  Object {
    "label": "35-39",
    "records": Array [
      Object {
        "color": "#25636F",
        "denominator": 86,
        "label": "2009",
        "pct": 0.2944076241843945,
        "value": 25,
      },
      Object {
        "color": "#25636F",
        "denominator": 87,
        "label": "2010",
        "pct": 0.32430245366805804,
        "value": 28,
      },
      Object {
        "color": "#25636F",
        "denominator": 48,
        "label": "2011",
        "pct": 0.24533156492763689,
        "value": 11,
      },
      Object {
        "color": "#25636F",
        "denominator": 55,
        "label": "2012",
        "pct": 0.46655674830491856,
        "value": 25,
      },
      Object {
        "color": "#25636F",
        "denominator": 58,
        "label": "2013",
        "pct": 0.3595017913313149,
        "value": 20,
      },
      Object {
        "color": "#25636F",
        "denominator": 69,
        "label": "2014",
        "pct": 0.3626761880218852,
        "value": 25,
      },
      Object {
        "color": "#25636F",
        "denominator": 54,
        "label": "2015",
        "pct": 0.3062906781394077,
        "value": 16,
      },
      Object {
        "color": "#25636F",
        "denominator": 88,
        "label": "2016",
        "pct": 0.2708830191249996,
        "value": 23,
      },
    ],
  },
  Object {
    "label": "40<",
    "records": Array [
      Object {
        "color": "#25636F",
        "denominator": 26,
        "label": "2009",
        "pct": 0.37039467193523745,
        "value": 9,
      },
      Object {
        "color": "#25636F",
        "denominator": 27,
        "label": "2010",
        "pct": 0.47831190109530425,
        "value": 12,
      },
      Object {
        "color": "#25636F",
        "denominator": 15,
        "label": "2011",
        "pct": 0.28473022897722605,
        "value": 4,
      },
      Object {
        "color": "#25636F",
        "denominator": 17,
        "label": "2012",
        "pct": 0.33026048060707197,
        "value": 5,
      },
      Object {
        "color": "#25636F",
        "denominator": 18,
        "label": "2013",
        "pct": 0.41270153398843556,
        "value": 7,
      },
      Object {
        "color": "#25636F",
        "denominator": 21,
        "label": "2014",
        "pct": 0.23860421437773077,
        "value": 5,
      },
      Object {
        "color": "#25636F",
        "denominator": 17,
        "label": "2015",
        "pct": 0.3829962083027624,
        "value": 6,
      },
      Object {
        "color": "#25636F",
        "denominator": 27,
        "label": "2016",
        "pct": 0.4379753894586494,
        "value": 11,
      },
    ],
  },
]
`;

exports[`single followup period gender data 1`] = `
Array [
  Object {
    "label": "Male",
    "records": Array [
      Object {
        "color": "#25636F",
        "denominator": 281,
        "label": "2009",
        "pct": 0.24869136439558084,
        "value": 69,
      },
      Object {
        "color": "#25636F",
        "denominator": 283,
        "label": "2010",
        "pct": 0.46398171568994606,
        "value": 131,
      },
      Object {
        "color": "#25636F",
        "denominator": 157,
        "label": "2011",
        "pct": 0.31355400245648035,
        "value": 49,
      },
      Object {
        "color": "#25636F",
        "denominator": 180,
        "label": "2012",
        "pct": 0.3618074406179642,
        "value": 65,
      },
      Object {
        "color": "#25636F",
        "denominator": 187,
        "label": "2013",
        "pct": 0.4266951987202952,
        "value": 79,
      },
      Object {
        "color": "#25636F",
        "denominator": 225,
        "label": "2014",
        "pct": 0.41129634928006986,
        "value": 92,
      },
      Object {
        "color": "#25636F",
        "denominator": 176,
        "label": "2015",
        "pct": 0.3348862947670234,
        "value": 58,
      },
      Object {
        "color": "#25636F",
        "denominator": 286,
        "label": "2016",
        "pct": 0.33309356613108093,
        "value": 95,
      },
    ],
  },
  Object {
    "label": "Female",
    "records": Array [
      Object {
        "color": "#25636F",
        "denominator": 160,
        "label": "2009",
        "pct": 0.3181170286412642,
        "value": 50,
      },
      Object {
        "color": "#25636F",
        "denominator": 161,
        "label": "2010",
        "pct": 0.5837759054688773,
        "value": 93,
      },
      Object {
        "color": "#25636F",
        "denominator": 89,
        "label": "2011",
        "pct": 0.4607570761616222,
        "value": 41,
      },
      Object {
        "color": "#25636F",
        "denominator": 103,
        "label": "2012",
        "pct": 0.3384422015280911,
        "value": 34,
      },
      Object {
        "color": "#25636F",
        "denominator": 107,
        "label": "2013",
        "pct": 0.47601493062591504,
        "value": 50,
      },
      Object {
        "color": "#25636F",
        "denominator": 128,
        "label": "2014",
        "pct": 0.4469079604452117,
        "value": 57,
      },
      Object {
        "color": "#25636F",
        "denominator": 101,
        "label": "2015",
        "pct": 0.4842804591594073,
        "value": 48,
      },
      Object {
        "color": "#25636F",
        "denominator": 163,
        "label": "2016",
        "pct": 0.3463811600337129,
        "value": 56,
      },
    ],
  },
]
`;

exports[`single followup period raceOrEthnicity data 1`] = `
Array [
  Object {
    "label": "Native American",
    "records": Array [
      Object {
        "color": "#25636F",
        "denominator": 147,
        "label": "2009",
        "pct": 0.4310374831525233,
        "value": 63,
      },
      Object {
        "color": "#25636F",
        "denominator": 148,
        "label": "2010",
        "pct": 0.41452789459406847,
        "value": 61,
      },
      Object {
        "color": "#25636F",
        "denominator": 82,
        "label": "2011",
        "pct": 0.33041111630606557,
        "value": 27,
      },
      Object {
        "color": "#25636F",
        "denominator": 94,
        "label": "2012",
        "pct": 0.38790747657753666,
        "value": 36,
      },
      Object {
        "color": "#25636F",
        "denominator": 98,
        "label": "2013",
        "pct": 0.32725349625274136,
        "value": 32,
      },
      Object {
        "color": "#25636F",
        "denominator": 117,
        "label": "2014",
        "pct": 0.3702755342518667,
        "value": 43,
      },
      Object {
        "color": "#25636F",
        "denominator": 92,
        "label": "2015",
        "pct": 0.37373532131252074,
        "value": 34,
      },
      Object {
        "color": "#25636F",
        "denominator": 149,
        "label": "2016",
        "pct": 0.35903743790238474,
        "value": 53,
      },
    ],
  },
  Object {
    "label": "Black",
    "records": Array [
      Object {
        "color": "#25636F",
        "denominator": 38,
        "label": "2009",
        "pct": 0.24093034729343787,
        "value": 9,
      },
      Object {
        "color": "#25636F",
        "denominator": 38,
        "label": "2010",
        "pct": 0.2714481677671729,
        "value": 10,
      },
      Object {
        "color": "#25636F",
        "denominator": 21,
        "label": "2011",
        "pct": 0.22098688455329957,
        "value": 4,
      },
      Object {
        "color": "#25636F",
        "denominator": 25,
        "label": "2012",
        "pct": 0.4064911593897479,
        "value": 10,
      },
      Object {
        "color": "#25636F",
        "denominator": 25,
        "label": "2013",
        "pct": 0.49732304633219726,
        "value": 12,
      },
      Object {
        "color": "#25636F",
        "denominator": 31,
        "label": "2014",
        "pct": 0.3839336630680912,
        "value": 11,
      },
      Object {
        "color": "#25636F",
        "denominator": 24,
        "label": "2015",
        "pct": 0.3299173865620453,
        "value": 7,
      },
      Object {
        "color": "#25636F",
        "denominator": 39,
        "label": "2016",
        "pct": 0.23546230193703543,
        "value": 9,
      },
    ],
  },
  Object {
    "label": "Hispanic",
    "records": Array [
      Object {
        "color": "#25636F",
        "denominator": 100,
        "label": "2009",
        "pct": 0.46066132952357136,
        "value": 46,
      },
      Object {
        "color": "#25636F",
        "denominator": 101,
        "label": "2010",
        "pct": 0.4213290399574359,
        "value": 42,
      },
      Object {
        "color": "#25636F",
        "denominator": 56,
        "label": "2011",
        "pct": 0.44386132162712605,
        "value": 24,
      },
      Object {
        "color": "#25636F",
        "denominator": 64,
        "label": "2012",
        "pct": 0.2168935769006367,
        "value": 13,
      },
      Object {
        "color": "#25636F",
        "denominator": 67,
        "label": "2013",
        "pct": 0.3436280912901396,
        "value": 23,
      },
      Object {
        "color": "#25636F",
        "denominator": 80,
        "label": "2014",
        "pct": 0.46971296647420574,
        "value": 37,
      },
      Object {
        "color": "#25636F",
        "denominator": 63,
        "label": "2015",
        "pct": 0.3895765803300314,
        "value": 24,
      },
      Object {
        "color": "#25636F",
        "denominator": 102,
        "label": "2016",
        "pct": 0.3737065125769247,
        "value": 38,
      },
    ],
  },
  Object {
    "label": "White",
    "records": Array [
      Object {
        "color": "#25636F",
        "denominator": 35,
        "label": "2009",
        "pct": 0.23480046292399714,
        "value": 8,
      },
      Object {
        "color": "#25636F",
        "denominator": 35,
        "label": "2010",
        "pct": 0.25360460340051105,
        "value": 8,
      },
      Object {
        "color": "#25636F",
        "denominator": 20,
        "label": "2011",
        "pct": 0.19130527518702728,
        "value": 3,
      },
      Object {
        "color": "#25636F",
        "denominator": 23,
        "label": "2012",
        "pct": 0.5098740144908329,
        "value": 11,
      },
      Object {
        "color": "#25636F",
        "denominator": 23,
        "label": "2013",
        "pct": 0.6092384625296211,
        "value": 14,
      },
      Object {
        "color": "#25636F",
        "denominator": 28,
        "label": "2014",
        "pct": 0.3294634564258997,
        "value": 9,
      },
      Object {
        "color": "#25636F",
        "denominator": 22,
        "label": "2015",
        "pct": 0.23629892983690073,
        "value": 5,
      },
      Object {
        "color": "#25636F",
        "denominator": 36,
        "label": "2016",
        "pct": 0.37767495725981837,
        "value": 13,
      },
    ],
  },
  Object {
    "label": "Other",
    "records": Array [
      Object {
        "color": "#25636F",
        "denominator": 121,
        "label": "2009",
        "pct": 0.45046609809901517,
        "value": 54,
      },
      Object {
        "color": "#25636F",
        "denominator": 122,
        "label": "2010",
        "pct": 0.3078691384827722,
        "value": 37,
      },
      Object {
        "color": "#25636F",
        "denominator": 67,
        "label": "2011",
        "pct": 0.25894059644135314,
        "value": 17,
      },
      Object {
        "color": "#25636F",
        "denominator": 78,
        "label": "2012",
        "pct": 0.23323275706861413,
        "value": 18,
      },
      Object {
        "color": "#25636F",
        "denominator": 81,
        "label": "2013",
        "pct": 0.4004864028444184,
        "value": 32,
      },
      Object {
        "color": "#25636F",
        "denominator": 97,
        "label": "2014",
        "pct": 0.4043962112906952,
        "value": 39,
      },
      Object {
        "color": "#25636F",
        "denominator": 76,
        "label": "2015",
        "pct": 0.38997840956410185,
        "value": 29,
      },
      Object {
        "color": "#25636F",
        "denominator": 123,
        "label": "2016",
        "pct": 0.3140820281613471,
        "value": 38,
      },
    ],
  },
]
`;

exports[`single followup period total data 1`] = `
Array [
  Object {
    "label": "Total",
    "records": Array [
      Object {
        "color": "#25636F",
        "denominator": 441,
        "label": "2009",
        "pct": 0.27481568501675263,
        "value": 121,
      },
      Object {
        "color": "#25636F",
        "denominator": 444,
        "label": "2010",
        "pct": 0.5705945384276757,
        "value": 253,
      },
      Object {
        "color": "#25636F",
        "denominator": 246,
        "label": "2011",
        "pct": 0.3865270115208075,
        "value": 95,
      },
      Object {
        "color": "#25636F",
        "denominator": 283,
        "label": "2012",
        "pct": 0.38288543842088013,
        "value": 108,
      },
      Object {
        "color": "#25636F",
        "denominator": 294,
        "label": "2013",
        "pct": 0.3966145512517424,
        "value": 116,
      },
      Object {
        "color": "#25636F",
        "denominator": 353,
        "label": "2014",
        "pct": 0.3704884876536363,
        "value": 130,
      },
      Object {
        "color": "#25636F",
        "denominator": 277,
        "label": "2015",
        "pct": 0.30393467040023203,
        "value": 84,
      },
      Object {
        "color": "#25636F",
        "denominator": 449,
        "label": "2016",
        "pct": 0.20221756415560455,
        "value": 90,
      },
    ],
  },
]
`;
